###############################################################################
#
# IAR ELF Linker V7.80.2.11947/W32 for ARM                06/May/2021  09:51:14
# Copyright 2007-2016 IAR Systems AB.
#
#    Output file  =  DynamicMultiprotocolSwitchSoc.out
#    Map file     =  
#        C:/Users/DELL/SimplicityStudio/v5_workspace/DynamicMultiprotocolSwitchSoc/IAR
#        ARM - Default/DynamicMultiprotocolSwitchSoc.map
#    Command line =  
#        -f
#        "C:\Users\DELL\SimplicityStudio\v5_workspace\DynamicMultiprotocolSwitchSoc\IAR
#        ARM - Default\ilinkCommandLine_DynamicMultiprotocolSwitchSoc.out.xcl"
#        (-o DynamicMultiprotocolSwitchSoc.out --config
#        C:/SiliconLabs/SimplicityStudio/v5/developer/sdks/gecko_sdk_suite/v3.1//platform/base/hal/micro/cortexm3/efm32/iar-cfg.icf
#        --config_def APP_GECKO_INFO_PAGE_BTL=1 --config_def FLASH_SIZE=1048576
#        --config_def RAM_SIZE=262144 --config_def SIMEEPROM_SIZE=36864
#        --config_def LOCKBITS_IN_MAINFLASH_SIZE=0 --config_def
#        EMBER_MALLOC_HEAP_SIZE=0 --config_def HEADER_SIZE=512 --config_def
#        PSSTORE_SIZE=0 --config_def LONGTOKEN_SIZE=0 --config_def
#        BTL_SIZE=16384 --no_wrap_diagnostics
#        C:/SiliconLabs/SimplicityStudio/v5/developer/sdks/gecko_sdk_suite/v3.1//protocol/zigbee/build/cbke-163k1-stub-library-cortexm3-iar-efr32mg12p-rail/cbke-163k1-stub-library.a
#        C:/SiliconLabs/SimplicityStudio/v5/developer/sdks/gecko_sdk_suite/v3.1//protocol/zigbee/build/multi-network-stub-library-cortexm3-iar-efr32mg12p-rail/multi-network-stub-library.a
#        C:/SiliconLabs/SimplicityStudio/v5/developer/sdks/gecko_sdk_suite/v3.1//protocol/zigbee/build/gp-library-cortexm3-iar-efr32mg12p-rail/gp-library.a
#        C:/SiliconLabs/SimplicityStudio/v5/developer/sdks/gecko_sdk_suite/v3.1//platform/emdrv/nvm3/lib/libnvm3_CM4_iar.a
#        C:/SiliconLabs/SimplicityStudio/v5/developer/sdks/gecko_sdk_suite/v3.1//protocol/zigbee/build/cbke-library-dsa-verify-283k1-stub-cortexm3-iar-efr32mg12p-rail/cbke-library-dsa-verify-283k1-stub.a
#        C:/SiliconLabs/SimplicityStudio/v5/developer/sdks/gecko_sdk_suite/v3.1//protocol/zigbee/build/sim-eeprom2-to-nvm3-upgrade-stub-library-cortexm3-iar-efr32mg12p-rail/sim-eeprom2-to-nvm3-upgrade-stub-library.a
#        C:/SiliconLabs/SimplicityStudio/v5/developer/sdks/gecko_sdk_suite/v3.1//protocol/zigbee/build/hal-library-cortexm3-iar-efr32mg12p-rail/hal-library.a
#        C:/SiliconLabs/SimplicityStudio/v5/developer/sdks/gecko_sdk_suite/v3.1//protocol/zigbee/build/zigbee-pro-stack-cortexm3-iar-efr32mg12p-rail/zigbee-pro-stack.a
#        C:/SiliconLabs/SimplicityStudio/v5/developer/sdks/gecko_sdk_suite/v3.1//protocol/zigbee/build/end-device-bind-stub-library-cortexm3-iar-efr32mg12p-rail/end-device-bind-stub-library.a
#        C:/SiliconLabs/SimplicityStudio/v5/developer/sdks/gecko_sdk_suite/v3.1//protocol/zigbee/build/install-code-library-cortexm3-iar-efr32mg12p-rail/install-code-library.a
#        C:/SiliconLabs/SimplicityStudio/v5/developer/sdks/gecko_sdk_suite/v3.1//protocol/zigbee/build/zll-library-cortexm3-iar-efr32mg12p-rail/zll-library.a
#        C:/SiliconLabs/SimplicityStudio/v5/developer/sdks/gecko_sdk_suite/v3.1//protocol/zigbee/build/cbke-stub-library-cortexm3-iar-efr32mg12p-rail/cbke-stub-library.a
#        C:/SiliconLabs/SimplicityStudio/v5/developer/sdks/gecko_sdk_suite/v3.1//protocol/zigbee/build/zigbee-r22-support-stub-library-cortexm3-iar-efr32mg12p-rail/zigbee-r22-support-stub-library.a
#        C:/SiliconLabs/SimplicityStudio/v5/developer/sdks/gecko_sdk_suite/v3.1//protocol/zigbee/build/cbke-283k1-stub-library-cortexm3-iar-efr32mg12p-rail/cbke-283k1-stub-library.a
#        C:/SiliconLabs/SimplicityStudio/v5/developer/sdks/gecko_sdk_suite/v3.1//platform/radio/rail_lib/autogen/librail_release/librail_efr32xg12_iar_release.a
#        C:/SiliconLabs/SimplicityStudio/v5/developer/sdks/gecko_sdk_suite/v3.1//protocol/zigbee/build/cbke-library-dsa-sign-stub-cortexm3-iar-efr32mg12p-rail/cbke-library-dsa-sign-stub.a
#        C:/SiliconLabs/SimplicityStudio/v5/developer/sdks/gecko_sdk_suite/v3.1//protocol/zigbee/build/source-route-library-cortexm3-iar-efr32mg12p-rail/source-route-library.a
#        C:/SiliconLabs/SimplicityStudio/v5/developer/sdks/gecko_sdk_suite/v3.1//protocol/zigbee/build/security-library-link-keys-stub-cortexm3-iar-efr32mg12p-rail/security-library-link-keys-stub.a
#        C:/SiliconLabs/SimplicityStudio/v5/developer/sdks/gecko_sdk_suite/v3.1//protocol/zigbee/build/packet-validate-library-cortexm3-iar-efr32mg12p-rail/packet-validate-library.a
#        C:/SiliconLabs/SimplicityStudio/v5/developer/sdks/gecko_sdk_suite/v3.1//protocol/zigbee/build/binding-table-library-cortexm3-iar-efr32mg12p-rail/binding-table-library.a
#        C:/SiliconLabs/SimplicityStudio/v5/developer/sdks/gecko_sdk_suite/v3.1//protocol/zigbee/build/debug-basic-library-cortexm3-iar-efr32mg12p-rail/debug-basic-library.a
#        C:/SiliconLabs/SimplicityStudio/v5/developer/sdks/gecko_sdk_suite/v3.1//protocol/zigbee/build/multi-pan-stub-library-cortexm3-iar-efr32mg12p-rail/multi-pan-stub-library.a
#        C:/SiliconLabs/SimplicityStudio/v5/developer/sdks/gecko_sdk_suite/v3.1//protocol/zigbee/build/cbke-library-dsa-verify-stub-cortexm3-iar-efr32mg12p-rail/cbke-library-dsa-verify-stub.a
#        C:/SiliconLabs/SimplicityStudio/v5/developer/sdks/gecko_sdk_suite/v3.1//protocol/zigbee/build/debug-extended-stub-library-cortexm3-iar-efr32mg12p-rail/debug-extended-stub-library.a
#        --entry __iar_program_start --map
#        "C:/Users/DELL/SimplicityStudio/v5_workspace/DynamicMultiprotocolSwitchSoc/IAR
#        ARM - Default/DynamicMultiprotocolSwitchSoc.map" --log_file
#        "C:/Users/DELL/SimplicityStudio/v5_workspace/DynamicMultiprotocolSwitchSoc/IAR
#        ARM - Default/DynamicMultiprotocolSwitchSoc.log" --log
#        initialization,modules,sections,veneers --diag_suppress=Lp012
#        --redirect _Printf=_PrintfSmallNoMb --redirect _Scanf=_ScanfFullNoMb
#        ./zll-utility-client/zll-utility-client.o
#        ./zll-identify-server/zll-identify-server.o
#        ./zll-commissioning-common/zll-commissioning-cli.o
#        ./zll-commissioning-common/zll-commissioning-common.o
#        ./zll-commissioning-client/zll-commissioning-client.o
#        ./zcl-framework-core/af-event.o ./zcl-framework-core/af-main-common.o
#        ./zcl-framework-core/af-main-soc.o ./zcl-framework-core/af-node.o
#        ./zcl-framework-core/af-security-common.o
#        ./zcl-framework-core/af-trust-center.o
#        ./zcl-framework-core/attribute-size.o
#        ./zcl-framework-core/attribute-storage.o
#        ./zcl-framework-core/attribute-table.o
#        ./zcl-framework-core/client-api.o ./zcl-framework-core/core-cli.o
#        ./zcl-framework-core/crypto-state.o ./zcl-framework-core/message.o
#        ./zcl-framework-core/multi-network.o
#        ./zcl-framework-core/network-cli.o ./zcl-framework-core/option-cli.o
#        ./zcl-framework-core/plugin-cli.o
#        ./zcl-framework-core/print-formatter.o ./zcl-framework-core/print.o
#        ./zcl-framework-core/process-cluster-message.o
#        ./zcl-framework-core/process-global-message.o
#        ./zcl-framework-core/security-cli.o
#        ./zcl-framework-core/service-discovery-common.o
#        ./zcl-framework-core/service-discovery-soc.o
#        ./zcl-framework-core/time-util.o ./zcl-framework-core/util.o
#        ./zcl-framework-core/zcl-cli.o ./zcl-framework-core/zdo-cli.o
#        ./update-tc-link-key/update-tc-link-key-cli.o
#        ./update-tc-link-key/update-tc-link-key.o
#        ./strong-random/strong-random-api.o ./spidisplay/display.o
#        ./spidisplay/displayls013b7dh03.o ./spidisplay/displaypalemlib.o
#        ./simple-main/simple-main.o ./serial/EFR32/serial.o ./serial/com.o
#        ./scan-dispatch/scan-dispatch.o ./nvm3/EFR32/nvm3_default.o
#        ./nvm3/EFR32/nvm3_hal_flash.o ./nvm3/nvm3_lock.o
#        ./network-steering/network-steering-cli.o
#        ./network-steering/network-steering-soc.o
#        ./network-steering/network-steering-v2.o
#        ./network-steering/network-steering.o ./mbedtls/EFR32/aes.o
#        ./mbedtls/EFR32/aes_aes.o ./mbedtls/EFR32/asn1parse.o
#        ./mbedtls/EFR32/asn1write.o ./mbedtls/EFR32/base64.o
#        ./mbedtls/EFR32/bignum.o ./mbedtls/EFR32/ccm.o
#        ./mbedtls/EFR32/chacha20.o ./mbedtls/EFR32/chachapoly.o
#        ./mbedtls/EFR32/cipher.o ./mbedtls/EFR32/cipher_wrap.o
#        ./mbedtls/EFR32/cmac.o ./mbedtls/EFR32/crypto_aes.o
#        ./mbedtls/EFR32/crypto_ecp.o ./mbedtls/EFR32/crypto_gcm.o
#        ./mbedtls/EFR32/crypto_management.o ./mbedtls/EFR32/cryptoacc_aes.o
#        ./mbedtls/EFR32/cryptoacc_ccm.o ./mbedtls/EFR32/cryptoacc_gcm.o
#        ./mbedtls/EFR32/cryptoacc_management.o ./mbedtls/EFR32/ctr_drbg.o
#        ./mbedtls/EFR32/des.o ./mbedtls/EFR32/ecdh.o ./mbedtls/EFR32/ecdsa.o
#        ./mbedtls/EFR32/ecjpake.o ./mbedtls/EFR32/ecp.o
#        ./mbedtls/EFR32/ecp_curves.o ./mbedtls/EFR32/entropy.o
#        ./mbedtls/EFR32/error.o ./mbedtls/EFR32/gcm.o
#        ./mbedtls/EFR32/mbedtls_cmac.o ./mbedtls/EFR32/mbedtls_ecdsa_ecdh.o
#        ./mbedtls/EFR32/mbedtls_sha.o ./mbedtls/EFR32/md.o
#        ./mbedtls/EFR32/md5.o ./mbedtls/EFR32/oid.o ./mbedtls/EFR32/pem.o
#        ./mbedtls/EFR32/pk.o ./mbedtls/EFR32/pk_wrap.o
#        ./mbedtls/EFR32/pkparse.o ./mbedtls/EFR32/platform_util.o
#        ./mbedtls/EFR32/poly1305.o ./mbedtls/EFR32/psa_crypto.o
#        ./mbedtls/EFR32/psa_crypto_driver_wrappers.o
#        ./mbedtls/EFR32/psa_crypto_slot_management.o
#        ./mbedtls/EFR32/psa_crypto_storage.o ./mbedtls/EFR32/rsa.o
#        ./mbedtls/EFR32/rsa_internal.o ./mbedtls/EFR32/se_aes.o
#        ./mbedtls/EFR32/se_ccm.o ./mbedtls/EFR32/se_gcm.o
#        ./mbedtls/EFR32/se_jpake.o ./mbedtls/EFR32/sha1.o
#        ./mbedtls/EFR32/sha256.o ./mbedtls/EFR32/sha512.o
#        ./mbedtls/EFR32/sl_entropy.o ./mbedtls/EFR32/sl_mbedtls.o
#        ./mbedtls/EFR32/sl_psa_its_nvm3.o ./mbedtls/EFR32/sl_se_management.o
#        ./mbedtls/EFR32/sl_se_manager.o
#        ./mbedtls/EFR32/sl_se_manager_attestation.o
#        ./mbedtls/EFR32/sl_se_manager_cipher.o
#        ./mbedtls/EFR32/sl_se_manager_entropy.o
#        ./mbedtls/EFR32/sl_se_manager_hash.o
#        ./mbedtls/EFR32/sl_se_manager_key_derivation.o
#        ./mbedtls/EFR32/sl_se_manager_key_handling.o
#        ./mbedtls/EFR32/sl_se_manager_signature.o
#        ./mbedtls/EFR32/sl_se_manager_util.o
#        ./mbedtls/EFR32/sli_crypto_transparent_driver_aead.o
#        ./mbedtls/EFR32/sli_crypto_transparent_driver_cipher.o
#        ./mbedtls/EFR32/sli_crypto_transparent_driver_hash.o
#        ./mbedtls/EFR32/sli_crypto_transparent_driver_mac.o
#        ./mbedtls/EFR32/sli_cryptoacc_transparent_driver_aead.o
#        ./mbedtls/EFR32/sli_cryptoacc_transparent_driver_cipher.o
#        ./mbedtls/EFR32/sli_cryptoacc_transparent_driver_hash.o
#        ./mbedtls/EFR32/sli_cryptoacc_transparent_driver_key_derivation.o
#        ./mbedtls/EFR32/sli_cryptoacc_transparent_driver_key_management.o
#        ./mbedtls/EFR32/sli_cryptoacc_transparent_driver_mac.o
#        ./mbedtls/EFR32/sli_cryptoacc_transparent_driver_signature.o
#        ./mbedtls/EFR32/sli_protocol_crypto_crypto.o
#        ./mbedtls/EFR32/sli_protocol_crypto_radioaes.o
#        ./mbedtls/EFR32/sli_psa_driver_init.o
#        ./mbedtls/EFR32/sli_radioaes_management.o
#        ./mbedtls/EFR32/sli_se_driver_aead.o
#        ./mbedtls/EFR32/sli_se_driver_builtin_keys.o
#        ./mbedtls/EFR32/sli_se_driver_cipher.o
#        ./mbedtls/EFR32/sli_se_driver_key_derivation.o
#        ./mbedtls/EFR32/sli_se_driver_key_management.o
#        ./mbedtls/EFR32/sli_se_driver_mac.o
#        ./mbedtls/EFR32/sli_se_driver_signature.o
#        ./mbedtls/EFR32/sli_se_opaque_driver_aead.o
#        ./mbedtls/EFR32/sli_se_opaque_driver_cipher.o
#        ./mbedtls/EFR32/sli_se_opaque_driver_mac.o
#        ./mbedtls/EFR32/sli_se_opaque_key_derivation.o
#        ./mbedtls/EFR32/sli_se_transparent_driver_aead.o
#        ./mbedtls/EFR32/sli_se_transparent_driver_cipher.o
#        ./mbedtls/EFR32/sli_se_transparent_driver_hash.o
#        ./mbedtls/EFR32/sli_se_transparent_driver_mac.o
#        ./mbedtls/EFR32/sli_se_transparent_key_derivation.o
#        ./mbedtls/EFR32/ssl_cache.o ./mbedtls/EFR32/ssl_ciphersuites.o
#        ./mbedtls/EFR32/ssl_cli.o ./mbedtls/EFR32/ssl_cookie.o
#        ./mbedtls/EFR32/ssl_msg.o ./mbedtls/EFR32/ssl_srv.o
#        ./mbedtls/EFR32/ssl_ticket.o ./mbedtls/EFR32/ssl_tls.o
#        ./mbedtls/EFR32/threading.o ./mbedtls/EFR32/x509.o
#        ./mbedtls/EFR32/x509_create.o ./mbedtls/EFR32/x509_crl.o
#        ./mbedtls/EFR32/x509_crt.o ./mbedtls/EFR32/x509_csr.o
#        ./mbedtls/EFR32/x509write_crt.o ./mbedtls/EFR32/x509write_csr.o
#        ./kit-drivers/udelay.o ./interpan/interpan-cli.o
#        ./interpan/interpan-soc.o ./interpan/interpan.o
#        ./idle-sleep/idle-sleep-cli.o ./idle-sleep/idle-sleep-soc.o
#        ./idle-sleep/idle-sleep.o ./identify/identify-cli.o
#        ./identify/identify.o ./hal-library/EFR32/hal-config-gpio.o
#        ./hal-library/EFR32/hal-config.o ./hal-library/EFR32/sl_mpu.o
#        ./hal-library/EFR32/sl_power_manager.o
#        ./hal-library/EFR32/sl_power_manager_debug.o
#        ./hal-library/EFR32/sl_power_manager_hal_s0_s1.o
#        ./hal-library/EFR32/sl_power_manager_hal_s2.o
#        ./hal-library/EFR32/sl_slist.o ./groups-client/groups-client.o
#        ./green-power-common/green-power-common.o
#        ./green-power-client/green-power-client-cli.o
#        ./green-power-client/green-power-client.o ./glib/EFR32/graphics.o
#        ./glib/bmp.o ./glib/dmd_display.o ./glib/glib.o ./glib/glib_bitmap.o
#        ./glib/glib_circle.o ./glib/glib_font_narrow_6x8.o
#        ./glib/glib_font_normal_8x8.o ./glib/glib_font_number_16x20.o
#        ./glib/glib_line.o ./glib/glib_polygon.o ./glib/glib_rectangle.o
#        ./glib/glib_string.o ./form-and-join/form-and-join-afv2.o
#        ./form-and-join/form-and-join-node-adapter.o
#        ./form-and-join/form-and-join.o
#        ./find-and-bind-initiator/find-and-bind-initiator-cli.o
#        ./find-and-bind-initiator/find-and-bind-initiator.o
#        ./external-generated-files/bootloader-interface-app.o
#        ./external-generated-files/bootloader-interface.o
#        ./external-generated-files/btl_interface.o
#        ./external-generated-files/btl_interface_storage.o ./emlib/em_adc.o
#        ./emlib/em_cmu.o ./emlib/em_core.o ./emlib/em_cryotimer.o
#        ./emlib/em_emu.o ./emlib/em_eusart.o ./emlib/em_gpio.o
#        ./emlib/em_i2c.o ./emlib/em_ldma.o ./emlib/em_leuart.o
#        ./emlib/em_msc.o ./emlib/em_prs.o ./emlib/em_rmu.o ./emlib/em_rtcc.o
#        ./emlib/em_se.o ./emlib/em_system.o ./emlib/em_timer.o
#        ./emlib/em_usart.o ./emlib/em_wdog.o ./emlib/system_efr32mg12p.o
#        ./emdrv/dmadrv.o ./emdrv/gpiointerrupt.o ./emdrv/sl_sleeptimer.o
#        ./emdrv/sl_sleeptimer_hal_rtcc.o ./emdrv/tempdrv.o ./emdrv/uartdrv.o
#        ./emdrv/ustimer.o ./ember-minimal-printf/ember-printf.o
#        ./efr32/assert-crash-handlers.o ./efr32/button.o
#        ./efr32/buzzer-efr32.o ./efr32/cstartup-common.o ./efr32/diagnostic.o
#        ./efr32/ext-device.o ./efr32/faults-v7m.o ./efr32/isr-stubs.o
#        ./efr32/led.o ./efr32/mfg-token.o ./efr32/micro-common.o
#        ./efr32/micro.o ./efr32/sleep-efm32.o ./efr32/token.o
#        ./eeprom/eeprom-afv2.o ./eeprom/eeprom-cli.o ./eeprom/eeprom.o
#        ./dmp-ui-demo/dmp-ui.o ./debug-jtag-stub/EFR32/debug-jtag-stub.o
#        ./debug-basic-library/EFR32/SEGGER_RTT.o ./counters/counters-cli.o
#        ./counters/counters-ota.o ./counters/counters-soc.o
#        ./coexistence-stub/EFR32/coexistence-802154.o
#        ./coexistence-stub/EFR32/coulomb-counter-802154.o
#        ./ccm-encryption/ccm-star.o ./basic/basic.o
#        ./antenna-stub/antenna-stub.o ./adc/EFR32/adc-efr32.o
#        ./DynamicMultiprotocolSwitchSoc_callbacks.o ./call-command-handler.o
#        ./callback-stub.o ./command-interpreter2.o ./crc.o
#        ./ember-base-configuration.o ./ember-configuration.o ./endian.o
#        ./library.o ./mem-util.o ./random.o ./security-address-cache.o
#        ./stack-handler-stub.o ./token-def.o ./zigbee-device-common.o
#        ./zigbee-device-library.o ./znet-bookkeeping.o ./znet-cli.o)
#
###############################################################################

*******************************************************************************
*** MESSAGES
***

Warning[Lt009]: Inconsistent wchar_t size
            zll-utility-client.o and 296 other objects have wchar_t size 16 bits
            ember-stack-common.o(zigbee-pro-stack.a) and 156 other objects have wchar_t size 32 bits


*******************************************************************************
*** RUNTIME MODEL ATTRIBUTES
***

CppFlavor       = *
__SystemLibrary = DLib
__dlib_version  = 6


*******************************************************************************
*** PLACEMENT SUMMARY
***

"HEADERS":
       place at start of [0x00000000-0x000001ff] { block HEADER_block };
"APP ro":
       place at start of [0x00000200-0x000fffff] { block APPRO_block };
"SIMEE&LOCKBITS":
       place at end of [0x00000200-0x000fffff] {
          zi section SIMEE, zi section INTERNAL_STORAGE, zi section LONGTOKEN,
          zi section PSSTORE, zi section LOCKBITS_IN_MAINFLASH };
"ResetHeap":
       place at start of [0x20000000-0x2003ffef] { block RESETHEAP };
"Guard":
       place in [from 0x20000000 to 0x2003ffef] { rw section GUARD_REGION };
"APP rw":
       place at end of [0x20000000-0x2003ffef] { block APPRW_block };
do not initialize {
   rw section .noinitlegacy, rw section .noinitnew, rw section CSTACK,
   rw section RESETINFO, rw section EMHEAP, zi section SIMEE,
   zi section INTERNAL_STORAGE, zi section LONGTOKEN, zi section PSSTORE,
   zi section LOCKBITS_IN_MAINFLASH };
initialize by copy { rw };

  Section                Kind        Address     Size  Object
  -------                ----        -------     ----  ------
"HEADERS":                                       0xac
  HEADER_block                    0x00000000     0xac  <Block>
    AAT                  const    0x00000000     0xac  cstartup-common.o [12]
                                - 0x000000ac     0xac

"APP ro":                                     0x4142c
  APPRO_block                     0x00000200  0x4142c  <Block>
    .intvec              const    0x00000200    0x10c  startup_efr32mg12p.o [58]
    Initializer bytes    const    0x0000030c     0x16  <for .textrw-1>
    .text                         0x00000324  0x37e6e  <Block>
      .text              ro code  0x00000324     0x96  zll-utility-client.o [44]
      .text              ro code  0x000003ba      0x2  identify-cli.o [25]
      .text              ro code  0x000003bc    0x8d4  util.o [40]
      .text              ro code  0x00000c90    0x16c  message.o [40]
      .text              ro code  0x00000dfc    0xa10  attribute-storage.o [40]
      .text              ro code  0x0000180c     0x78  ABImemmove_unaligned.o [66]
      .text              ro code  0x00001884     0x5c  multi-network.o [40]
      .text              ro code  0x000018e0     0x3a  ABImemset48.o [66]
      .text              ro code  0x0000191a      0x2  zigbee-stack.o [70]
      .text              ro code  0x0000191c    0x24c  client-api.o [40]
      .text              ro code  0x00001b68    0x17a  af-event.o [40]
      .text              ro code  0x00001ce2      0x2  zigbee-stack.o [70]
      .text              ro code  0x00001ce4    0x120  eeprom.o [11]
      .text              ro code  0x00001e04    0x2f8  zll-commissioning-common.o [42]
      .text              ro code  0x000020fc    0xe8c  green-power-client.o [21]
      .text              ro code  0x00002f88     0x84  interpan-soc.o [27]
      .text              ro code  0x0000300c     0x3e  idle-sleep-soc.o [26]
      .text              ro code  0x0000304a      0x2  zigbee-stack.o [70]
      .text              ro code  0x0000304c    0x164  counters-soc.o [7]
      .text              ro code  0x000031b0   0x194c  association.o [70]
      .text              ro code  0x00004afc    0x310  ember-stack-common.o [70]
      .text              ro code  0x00004e0c     0xf0  callback-stub.o [1]
      .text              ro code  0x00004efc    0x128  print.o [40]
      .text              ro code  0x00005024    0x114  time-util.o [40]
      .text              ro code  0x00005138    0x154  print-formatter.o [40]
      .text              ro code  0x0000528c     0x50  process-cluster-message.o [40]
      .text              ro code  0x000052dc    0x4a0  process-global-message.o [40]
      .text              ro code  0x0000577c    0x2d0  ember-multi-network-stub.o [63]
      .text              ro code  0x00005a4c     0x6a  znet-bookkeeping.o [1]
      .text              ro code  0x00005ab6      0x2  zigbee-stack.o [70]
      .text              ro code  0x00005ab8      0x6  ABImemclr4.o [66]
      .text              ro code  0x00005abe      0x2  zigbee-stack.o [70]
      .text              ro code  0x00005ac0    0x55a  interpan.o [27]
      .text              ro code  0x0000601a      0x2  zigbee-stack.o [70]
      .text              ro code  0x0000601c    0xa00  af-main-common.o [40]
      .text              ro code  0x00006a1c    0x400  address-table.o [70]
      .text              ro code  0x00006e1c    0x514  binding-table.o [46]
      .text              ro code  0x00007330    0x654  af-main-soc.o [40]
      .text              ro code  0x00007984      0x6  ABImemclr.o [66]
      .text              ro code  0x0000798a      0x2  zigbee-stack.o [70]
      .text              ro code  0x0000798c     0xa8  micro-common.o [12]
      .text              ro code  0x00007a34     0x76  ABImemcpy_unaligned.o [66]
      .text              ro code  0x00007aaa      0x2  startup_efr32mg12p.o [58]
      .text              ro code  0x00007aac    0x25c  event-control.o [70]
      .text              ro code  0x00007d08    0x17c  scan-dispatch.o [33]
      .text              ro code  0x00007e84     0x10  crypto-state.o [40]
      .text              ro code  0x00007e94     0xcc  bootloader-interface-app.o [16]
      .text              ro code  0x00007f60    0x1f0  assert-crash-handlers.o [12]
      .text              ro code  0x00008150    0x8a0  DynamicMultiprotocolSwitchSoc_callbacks.o [1]
      .text              ro code  0x000089f0    0xb40  zll-api.o [72]
      .text              ro code  0x00009530    0x496  leave.o [70]
      .text              ro code  0x000099c6      0x2  startup_efr32mg12p.o [58]
      .text              ro code  0x000099c8    0x81c  zll-commissioning-client.o [41]
      .text              ro code  0x0000a1e4    0x15e  zll-tokens.o [72]
      .text              ro code  0x0000a342      0x2  startup_efr32mg12p.o [58]
      .text              ro code  0x0000a344    0x4a6  attribute-table.o [40]
      .text              ro code  0x0000a7ea      0x2  startup_efr32mg12p.o [58]
      .text              ro code  0x0000a7ec    0xd8c  gp-data.o [57]
      .text              ro code  0x0000b578    0x64e  zigbee-scan.o [70]
      .text              ro code  0x0000bbc6     0x1a  xsnprout.o [55]
      .text              ro code  0x0000bbe0     0xf8  zigbee-dispatch.o [70]
      .text              ro code  0x0000bcd8    0x15e  green-power-common.o [22]
      .text              ro code  0x0000be38    0x824  gp-proxy-table.o [57]
      .text              ro code  0x0000c65c    0x4f0  zigbee-stack.o [70]
      .text              ro code  0x0000cb4c   0x1bdc  network.o [70]
      .text              ro code  0x0000e728     0x7a  gp-util.o [57]
      .text              ro code  0x0000e7a4    0x262  green-power-client-cli.o [21]
      .text              ro code  0x0000ea08    0x840  buffer-management.o [70]
      .text              ro code  0x0000f248    0x26c  zigbee-upper-mac.o [70]
      .text              ro code  0x0000f4b4    0x2cc  mac-dispatch.o [70]
      .text              ro code  0x0000f780      0x8  em_core.o [15]
      .text              ro code  0x0000f788     0xc8  idle-sleep.o [26]
      .text              ro code  0x0000f850      0x8  em_core.o [15]
      .text              ro code  0x0000f858     0x32  enhanced-beacon-request-stub.o [71]
      .text              ro code  0x0000f88c    0xa68  beacon-handling.o [70]
      .text              ro code  0x000102f4    0x408  child-handling.o [70]
      .text              ro code  0x000106fc    0xa2c  zigbee-device-util.o [70]
      .text              ro code  0x00011128    0x188  token-cache.o [70]
      .text              ro code  0x000112b0    0x3a6  management.o [70]
      .text              ro code  0x00011658    0xa68  upper-mac.o [70]
      .text              ro code  0x000120c0      0xc  debug-extended-stub.o [54]
      .text              ro code  0x000120cc     0xa6  multi-pan-stub.o [64]
      .text              ro code  0x00012174    0x4d0  scan.o [70]
      .text              ro code  0x00012644    0x42c  random-id.o [70]
      .text              ro code  0x00012a70    0xf8c  aps-security.o [70]
      .text              ro code  0x000139fc    0x850  child.o [70]
      .text              ro code  0x0001424c      0xe  zdo-r22-stub.o [71]
      .text              ro code  0x0001425c    0x1e8  command.o [70]
      .text              ro code  0x00014444    0x210  child-aging.o [70]
      .text              ro code  0x00014654      0xc  ember-multi-phy-stub.o [70]
      .text              ro code  0x00014660     0x4a  ember-configuration.o [1]
      .text              ro code  0x000146aa      0xc  mac-header.o [70]
      .text              ro code  0x000146b6      0x8  mac-header.o [70]
      .text              ro code  0x000146c0    0x680  zigbee-packet-header.o [70]
      .text              ro code  0x00014d40    0x22e  mac-packet-header.o [70]
      .text              ro code  0x00014f70    0x550  mac-child.o [70]
      .text              ro code  0x000154c0    0x6fc  indirect-queue.o [70]
      .text              ro code  0x00015bbc    0x32e  retry.o [70]
      .text              ro code  0x00015eec    0x9bc  neighbor.o [70]
      .text              ro code  0x000168a8    0x6ac  trust-center-util.o [70]
      .text              ro code  0x00016f54     0x62  memcmp_unaligned.o [66]
      .text              ro code  0x00016fb8     0xb0  mac-flat-header.o [70]
      .text              ro code  0x00017068     0x34  mac-info-element-parsing-stub.o [71]
      .text              ro code  0x0001709c   0x138e  lower-mac-rail-802.15.4.o [70]
      .text              ro code  0x0001842c    0x79c  aps-keys.o [70]
      .text              ro code  0x00018bc8     0x14  strong-random-api.o [38]
      .text              ro code  0x00018bdc    0x2b6  ember-printf.o [13]
      .text              ro code  0x00018e94     0xb8  serial.o [35]
      .text              ro code  0x00018f4c     0x66  ABImemset.o [66]
      .text              ro code  0x00018fb4    0x732  call-command-handler.o [1]
      .text              ro code  0x000196e8     0x6c  attribute-size.o [40]
      .text              ro code  0x00019754     0x50  random.o [1]
      .text              ro code  0x000197a4    0x238  zigbee-neighbor.o [70]
      .text              ro code  0x000199dc      0xe  form-and-join-afv2.o [18]
      .text              ro code  0x000199ec      0xc  network-steering-soc.o [30]
      .text              ro code  0x000199f8    0x104  update-tc-link-key.o [39]
      .text              ro code  0x00019afc    0x280  zigbee-device-library.o [1]
      .text              ro code  0x00019d7c    0x4b8  service-discovery-common.o [40]
      .text              ro code  0x0001a234    0x6b8  network-steering-v2.o [30]
      .text              ro code  0x0001a8ec    0xa60  aps-retry.o [70]
      .text              ro code  0x0001b34c    0x2fc  token.o [12]
      .text              ro code  0x0001b648    0x564  micro.o [12]
      .text              ro code  0x0001bbac     0xa4  cstartup-common.o [12]
      .text              ro code  0x0001bc50    0x39c  diagnostic.o [12]
      .text              ro code  0x0001bfec     0x9c  security-address-cache.o [1]
      .text              ro code  0x0001c088    0x720  command-interpreter2.o [1]
      .text              ro code  0x0001c7a8    0x1b2  mfg-token.o [12]
      .text              ro code  0x0001c95c    0xb6c  application-support.o [70]
      .text              ro code  0x0001d4c8    0x2d4  legacy-packet-buffer.o [70]
      .text              ro code  0x0001d79c    0x164  aes-mmo.o [70]
      .text              ro code  0x0001d900    0x280  source-route-update.o [69]
      .text              ro code  0x0001db80    0x356  form-and-join.o [18]
      .text              ro code  0x0001ded8      0x4  faults-v7m.o [12]
      .text              ro code  0x0001dedc    0xb1c  em_cmu.o [15]
      .text              ro code  0x0001e9f8     0x84  em_rmu.o [15]
      .text              ro code  0x0001ea7c     0xc6  em_wdog.o [15]
      .text              ro code  0x0001eb42      0xc  em_core.o [15]
      .text              ro code  0x0001eb4e      0x6  em_core.o [15]
      .text              ro code  0x0001eb54    0x138  system-timer.o [58]
      .text              ro code  0x0001ec8c     0x1a  em_core.o [15]
      .text              ro code  0x0001eca8     0x4c  btl_interface.o [16]
      .text              ro code  0x0001ecf4    0x204  debug.o [53]
      .text              ro code  0x0001eef8     0x4c  micro-internal.o [58]
      .text              ro code  0x0001ef44    0x71c  dmp-ui.o [10]
      .text              ro code  0x0001f660    0x35c  find-and-bind-initiator.o [17]
      .text              ro code  0x0001f9bc    0x540  aps-keys-transient.o [70]
      .text              ro code  0x0001fefc    0x100  zigbee-device-common.o [1]
      .text              ro code  0x0001fffc    0x178  zll-address-assignment.o [72]
      .text              ro code  0x00020174    0xc08  zll-interpan.o [72]
      .text              ro code  0x00020d7c    0x198  zll-security.o [72]
      .text              ro code  0x00020f14     0xe8  af-trust-center.o [40]
      .text              ro code  0x00020ffc    0x18e  buffer-queue.o [70]
      .text              ro code  0x0002118c     0xc4  aes-efm32.o [70]
      .text              ro code  0x00021250    0x4b2  crypto.o [70]
      .text              ro code  0x00021704    0x3fc  mac-command.o [70]
      .text              ro code  0x00021b00      0x2  symbol-timer.o [70]
      .text              ro code  0x00021b02     0x12  debug-jtag-stub.o [9]
      .text              ro code  0x00021b14     0x94  ember-library.o [70]
      .text              ro code  0x00021ba8    0x484  rail_rf.o [61]
      .text              ro code  0x0002202c     0x18  eui64.o [70]
      .text              ro code  0x00022044     0x12  phy-util.o [70]
      .text              ro code  0x00022058    0x126  multi-pan-common.o [64]
      .text              ro code  0x0002217e      0x6  cbke-crypto-engine-163k1-stub.o [47]
      .text              ro code  0x00022184      0x6  cbke-crypto-engine-283k1-stub.o [48]
      .text              ro code  0x0002218c    0x254  broadcast.o [70]
      .text              ro code  0x000223e0    0x5cc  route-table.o [70]
      .text              ro code  0x000229ac      0xe  cbke-crypto-engine-stub.o [52]
      .text              ro code  0x000229bc     0x50  micro-common-internal.o [58]
      .text              ro code  0x00022a0c     0xa0  unicast-table.o [70]
      .text              ro code  0x00022aac    0x67c  source-route-table.o [69]
      .text              ro code  0x00023128    0x248  store-forward.o [70]
      .text              ro code  0x00023370    0x5e4  aps-encryption.o [70]
      .text              ro code  0x00023954    0x358  jit.o [70]
      .text              ro code  0x00023cac    0x832  route-discovery.o [70]
      .text              ro code  0x000244e0    0x3bc  mac-header.o [70]
      .text              ro code  0x0002489c     0x72  led.o [12]
      .text              ro code  0x00024910    0x118  zigbee-mac-header.o [70]
      .text              ro code  0x00024a28    0x2d0  packet-validate.o [65]
      .text              ro code  0x00024cf8    0x17c  route-error.o [70]
      .text              ro code  0x00024e74    0x428  neighbor-exchange.o [70]
      .text              ro code  0x0002529c     0x42  strcmp_unaligned.o [66]
      .text              ro code  0x000252e0    0x878  com.o [34]
      .text              ro code  0x00025b58    0xb34  zigbee-device.o [70]
      .text              ro code  0x0002668c      0x8  end-device-bind-stub.o [56]
      .text              ro code  0x00026694     0x8c  multi-network.o [70]
      .text              ro code  0x00026720     0x68  install-code-tokens.o [59]
      .text              ro code  0x00026788     0x62  hmac.o [70]
      .text              ro code  0x000267ea     0x1a  aps-keys-full-stub.o [67]
      .text              ro code  0x00026804      0x2  ember-duty-cycle-stub.o [70]
      .text              ro code  0x00026808     0x22  I64Shl.o [66]
      .text              ro code  0x0002682a     0x10  coexistence-802154.o [6]
      .text              ro code  0x0002683c    0x18c  rail_singleprotocol.o [61]
      .text              ro code  0x000269c8    0x104  hal-config.o [24]
      .text              ro code  0x00026acc     0xd0  rail_tx.o [61]
      .text              ro code  0x00026b9c    0x174  rail_ieee802154.o [61]
      .text              ro code  0x00026d10     0xe4  rail_data.o [61]
      .text              ro code  0x00026df4     0x96  rail_calibration.o [61]
      .text              ro code  0x00026e8a      0x8  rail_timer.o [61]
      .text              ro code  0x00026e92      0xc  antenna-stub.o [3]
      .text              ro code  0x00026e9e      0x6  ember-base-configuration.o [1]
      .text              ro code  0x00026ea4     0xb0  rail_autoack.o [61]
      .text              ro code  0x00026f54     0x3a  rail_rx.o [61]
      .text              ro code  0x00026f8e     0x1c  rail_rssi.o [61]
      .text              ro code  0x00026fac     0xc8  security-config-mfg.o [70]
      .text              ro code  0x00027074     0x28  basic.o [4]
      .text              ro code  0x0002709c    0x124  identify.o [25]
      .text              ro code  0x000271c0    0x142  zll-identify-server.o [43]
      .text              ro code  0x00027302     0x24  groups-client.o [23]
      .text              ro code  0x00027328     0x54  form-and-join-node-adapter.o [18]
      .text              ro code  0x0002737c     0x5c  service-discovery-soc.o [40]
      .text              ro code  0x000273d8      0x2  af-security-common.o [40]
      .text              ro code  0x000273da      0x4  sim-eeprom2-to-nvm3-upgrade-stub.o [68]
      .text              ro code  0x000273e0   0x1c72  nvm3.o [60]
      .text              ro code  0x00029054    0x174  sl_mpu.o [24]
      .text              ro code  0x000291c8    0x1ec  tempdrv.o [14]
      Veneer             ro code  0x000293b4      0x8  - Linker created -
      .text              ro code  0x000293bc    0x8ce  em_emu.o [15]
      .text              ro code  0x00029c8c    0x1c0  sleep-efm32.o [12]
      .text              ro code  0x00029e4c    0x2d8  rail_power_manager.o [61]
      .text              ro code  0x0002a124     0x1c  pa_conversions_efr32.o [61]
      .text              ro code  0x0002a140    0x538  core-cli.o [40]
      .text              ro code  0x0002a678     0xc0  flash.o [58]
      .text              ro code  0x0002a738      0x4  cbke-crypto-engine-dsa-sign-stub.o [49]
      .text              ro code  0x0002a73c     0x70  faults-v7m.o [12]
      .text              ro code  0x0002a7ac     0xc4  system_efr32mg12p.o [15]
      .text              ro code  0x0002a870    0x5d0  sl_sleeptimer.o [14]
      .text              ro code  0x0002ae40    0x118  ustimer.o [14]
      .text              ro code  0x0002af58     0x36  strlen.o [66]
      .text              ro code  0x0002af90     0x44  snprintf.o [55]
      .text              ro code  0x0002afd4    0x1b0  glib_string.o [19]
      .text              ro code  0x0002b184    0x46e  dmd_display.o [19]
      .text              ro code  0x0002b5f2     0x34  glib_bitmap.o [19]
      .text              ro code  0x0002b626    0x2ea  glib_line.o [19]
      .text              ro code  0x0002b910     0xbc  graphics.o [20]
      .text              ro code  0x0002b9cc    0x1d4  glib.o [19]
      .text              ro code  0x0002bba0     0x6c  strncpy_unaligned.o [66]
      .text              ro code  0x0002bc0c     0x26  crc.o [1]
      .text              ro code  0x0002bc32    0x22c  crypto_aes.o [29]
      .text              ro code  0x0002be60    0x1c4  ccm-star.o [5]
      .text              ro code  0x0002c024     0x28  rfhal_module.o [61]
      .text              ro code  0x0002c04c   0x1670  rail_rf_hal.o [61]
      .text              ro code  0x0002d6bc     0x18  rail_assert.o [61]
      .text              ro code  0x0002d6d4     0xd8  pa_conversions_efr32.o [61]
      .text              ro code  0x0002d7ac      0x8  em_core.o [15]
      .text              ro code  0x0002d7b4      0x6  em_core.o [15]
      .text              ro code  0x0002d7bc    0x15c  em_gpio.o [15]
      .text              ro code  0x0002d918   0x19f8  uartdrv.o [14]
      .text              ro code  0x0002f310    0x276  em_usart.o [15]
      .text              ro code  0x0002f588     0xd2  em_leuart.o [15]
      .text              ro code  0x0002f65c    0x1c0  zdo-binding-table.o [46]
      .text              ro code  0x0002f81c    0x3e4  zdo-channel.o [70]
      .text              ro code  0x0002fc00    0x172  button.o [12]
      .text              ro code  0x0002fd72      0x6  rail_pti.o [61]
      .text              ro code  0x0002fd78     0xc8  pa_conversions_efr32.o [61]
      .text              ro code  0x0002fe40    0x1f4  rail_ieee802154_rf_hal.o [61]
      .text              ro code  0x00030034     0x5c  rfhal_ircal.o [61]
      .text              ro code  0x00030090    0x242  nvm3_page.o [60]
      .text              ro code  0x000302d4    0x1ba  nvm3_object.o [60]
      .text              ro code  0x00030490    0x242  nvm3_cache.o [60]
      .text              ro code  0x000306d2     0x3e  nvm3_utils.o [60]
      .text              ro code  0x00030710     0x10  nvm3_lock.o [31]
      .text              ro code  0x00030720      0xc  nvm3_lock.o [31]
      .text              ro code  0x0003072c      0x2  nvm3_lock.o [31]
      .text              ro code  0x00030730      0x4  faults-v7m.o [12]
      .text              ro code  0x00030734    0x1e8  sl_power_manager_hal_s0_s1.o [24]
      .text              ro code  0x0003091c    0x384  sl_power_manager.o [24]
      .text              ro code  0x00030ca0     0x44  em_core.o [15]
      .text              ro code  0x00030ce4      0x4  em_core.o [15]
      .text              ro code  0x00030ce8    0x1a4  em_msc.o [15]
      .text              ro code  0x00030e8c    0x190  sl_sleeptimer_hal_rtcc.o [14]
      .text              ro code  0x0003101c     0xee  I64DivMod.o [66]
      .text              ro code  0x0003110c     0x1e  U64Shr.o [66]
      .text              ro code  0x0003112c    0x12c  em_timer.o [15]
      .text              ro code  0x00031258    0x4d8  xprintfsmall_nomb.o [55]
      .text              ro code  0x00031730     0x98  display.o [37]
      .text              ro code  0x000317c8     0x22  glib_rectangle.o [19]
      .text              ro code  0x000317ec     0x54  crypto_management.o [29]
      .text              ro code  0x00031840     0x6a  em_crypto.o [70]
      .text              ro code  0x000318ac    0x24c  rfhal_timings.o [61]
      .text              ro code  0x00031af8    0x47c  rfhal_radio.o [61]
      .text              ro code  0x00031f74    0xfc4  generic_phy.o [61]
      .text              ro code  0x00032f38    0x6c8  rfhal_pa.o [61]
      .text              ro code  0x00033600    0x634  rfhal_bufc.o [61]
      .text              ro code  0x00033c34    0x53a  rfhal_protimer.o [61]
      .text              ro code  0x00034170     0x58  rfhal_tempcal.o [61]
      .text              ro code  0x000341c8    0x310  rfhal_synth.o [61]
      .text              ro code  0x000344d8      0x4  rfhal_antenna.o [61]
      .text              ro code  0x000344dc    0x138  rfhal_rand.o [61]
      .text              ro code  0x00034614    0x18c  rfhal_pti.o [61]
      .text              ro code  0x000347a0    0x144  rfhal_rtccsync.o [61]
      .text              ro code  0x000348e4    0x41c  dmadrv.o [14]
      .text              ro code  0x00034d00     0xc0  gpiointerrupt.o [14]
      .text              ro code  0x00034dc0     0x4c  em_core.o [15]
      .text              ro code  0x00034e0c     0x10  sl_slist.o [24]
      .text              ro code  0x00034e1c      0x4  sl_power_manager.o [24]
      .text              ro code  0x00034e20     0x78  em_rtcc.o [15]
      .text              ro code  0x00034e98      0x2  I64DivZer.o [66]
      .text              ro code  0x00034e9c     0x16  strchr.o [66]
      .text              ro code  0x00034eb4     0x58  memchr.o [66]
      .text              ro code  0x00034f0c     0x34  em_system.o [15]
      .text              ro code  0x00034f40     0x50  seq_globals.o [61]
      .text              ro code  0x00034f90      0x4  rail_mfm_rf_hal.o [61]
      .text              ro code  0x00034f94    0x194  em_ldma.o [15]
      .text              ro code  0x00035128    0x510  zll-commissioning-cli.o [42]
      .text              ro code  0x00035638    0x33c  network-cli.o [40]
      .text              ro code  0x00035974    0x35c  option-cli.o [40]
      .text              ro code  0x00035cd0    0x378  security-cli.o [40]
      .text              ro code  0x00036048    0xa9a  zcl-cli.o [40]
      .text              ro code  0x00036ae4    0x544  zdo-cli.o [40]
      .text              ro code  0x00037028    0x1e6  displayls013b7dh03.o [37]
      .text              ro code  0x00037210    0x11c  displaypalemlib.o [37]
      .text              ro code  0x0003732c    0x1dc  udelay.o [28]
      .text              ro code  0x00037508     0xf8  nvm3_hal_flash.o [32]
      .text              ro code  0x00037600    0x1f8  network-steering-cli.o [30]
      .text              ro code  0x000377f8     0xcc  interpan-cli.o [27]
      .text              ro code  0x000378c4     0x88  idle-sleep-cli.o [26]
      .text              ro code  0x0003794c    0x158  em_adc.o [15]
      .text              ro code  0x00037aa4      0x4  faults-v7m.o [12]
      .text              ro code  0x00037aa8      0x4  faults-v7m.o [12]
      .text              ro code  0x00037aac      0x4  faults-v7m.o [12]
      .text              ro code  0x00037ab0      0x4  faults-v7m.o [12]
      .text              ro code  0x00037ab4      0x4  faults-v7m.o [12]
      .text              ro code  0x00037ab8      0x4  isr-stubs.o [12]
      .text              ro code  0x00037abc    0x156  eeprom-cli.o [11]
      .text              ro code  0x00037c14     0xc4  counters-cli.o [7]
      .text              ro code  0x00037cd8    0x104  adc-efr32.o [2]
      .text              ro code  0x00037ddc     0xac  library.o [1]
      .text              ro code  0x00037e88     0xb4  gp-sink-table.o [57]
      .text              ro code  0x00037f3c     0x2c  rfhal_rfsense.o [61]
      .text              ro code  0x00037f68     0x22  fpinit_M.o [62]
      .text              ro code  0x00037f8c     0x1a  cmain.o [66]
      .text              ro code  0x00037fa6      0x4  low_level_init.o [55]
      .text              ro code  0x00037fac     0x28  data_init.o [66]
      .text              ro code  0x00037fd4     0x16  simple-main.o [36]
      .text              ro code  0x00037fea      0x4  exit.o [55]
      .text              ro code  0x00037fee      0x2  sl_mbedtls.o [29]
      .text              ro code  0x00037ff0      0xa  cexit.o [66]
      .text              ro code  0x00037ffc      0xc  XXexit.o [66]
      .text              ro code  0x00038008     0x10  update-tc-link-key-cli.o [39]
      .text              ro code  0x00038018     0x12  find-and-bind-initiator-cli.o [17]
      .text              ro code  0x0003802a     0x96  znet-cli.o [1]
      .text              ro code  0x000380c0      0xe  startup_efr32mg12p.o [58]
      .text              ro code  0x000380ce      0xc  cstartup_M.o [66]
      .text              ro code  0x000380da     0x40  zero_init3.o [66]
      .text              ro code  0x0003811a     0x78  lz77_init_single.o [66]
    .rodata              const    0x00038194      0x8  zll-commissioning-cli.o [42]
    .rodata              const    0x0003819c      0x8  zll-commissioning-cli.o [42]
    .rodata              const    0x000381a4      0xc  zll-commissioning-cli.o [42]
    .rodata              const    0x000381b0     0x14  zll-commissioning-cli.o [42]
    .rodata              const    0x000381c4      0xc  zll-commissioning-cli.o [42]
    .rodata              const    0x000381d0     0x18  zll-commissioning-cli.o [42]
    .rodata              const    0x000381e8      0x8  zll-commissioning-cli.o [42]
    .rodata              const    0x000381f0     0x20  zll-commissioning-cli.o [42]
    .rodata              const    0x00038210     0x28  zll-commissioning-cli.o [42]
    .rodata              const    0x00038238     0x28  zll-commissioning-cli.o [42]
    .rodata              const    0x00038260     0x24  zll-commissioning-cli.o [42]
    .rodata              const    0x00038284     0x14  zll-commissioning-cli.o [42]
    .rodata              const    0x00038298      0x8  zll-commissioning-cli.o [42]
    .rodata              const    0x000382a0     0x18  zll-commissioning-cli.o [42]
    .rodata              const    0x000382b8     0x18  zll-commissioning-cli.o [42]
    .rodata              const    0x000382d0     0x14  zll-commissioning-cli.o [42]
    .rodata              const    0x000382e4      0xc  zll-commissioning-cli.o [42]
    .rodata              const    0x000382f0     0x10  zll-commissioning-cli.o [42]
    .rodata              const    0x00038300      0x8  zll-commissioning-cli.o [42]
    .rodata              const    0x00038308      0x8  zll-commissioning-cli.o [42]
    .rodata              const    0x00038310      0xc  zll-commissioning-cli.o [42]
    .rodata              const    0x0003831c      0x8  zll-commissioning-cli.o [42]
    .rodata              const    0x00038324      0xc  zll-commissioning-cli.o [42]
    .rodata              const    0x00038330      0xc  zll-commissioning-cli.o [42]
    .rodata              const    0x0003833c     0x10  zll-commissioning-cli.o [42]
    .rodata              const    0x0003834c     0x28  zll-commissioning-cli.o [42]
    .rodata              const    0x00038374     0x28  zll-commissioning-cli.o [42]
    .rodata              const    0x0003839c     0x18  zll-commissioning-cli.o [42]
    .rodata              const    0x000383b4     0x14  zll-commissioning-cli.o [42]
    .rodata              const    0x000383c8     0x18  zll-commissioning-cli.o [42]
    .rodata              const    0x000383e0     0x18  zll-commissioning-cli.o [42]
    .rodata              const    0x000383f8     0x1c  zll-commissioning-cli.o [42]
    .rodata              const    0x00038414     0x14  zll-commissioning-cli.o [42]
    .rodata              const    0x00038428     0x20  zll-commissioning-cli.o [42]
    .rodata              const    0x00038448      0x8  zll-commissioning-cli.o [42]
    .rodata              const    0x00038450     0x14  zll-commissioning-cli.o [42]
    .rodata              const    0x00038464     0x18  zll-commissioning-cli.o [42]
    .rodata              const    0x0003847c     0x10  zll-commissioning-cli.o [42]
    .rodata              const    0x0003848c      0x8  zll-commissioning-cli.o [42]
    .rodata              const    0x00038494      0xc  zll-commissioning-cli.o [42]
    .rodata              const    0x000384a0      0xc  zll-commissioning-cli.o [42]
    .rodata              const    0x000384ac     0x2c  zll-commissioning-cli.o [42]
    .rodata              const    0x000384d8     0x2c  zll-commissioning-cli.o [42]
    .rodata              const    0x00038504     0x30  zll-commissioning-common.o [42]
    .rodata              const    0x00038534     0x1c  zll-commissioning-common.o [42]
    .rodata              const    0x00038550     0x28  zll-commissioning-common.o [42]
    .rodata              const    0x00038578     0x14  zll-commissioning-common.o [42]
    .rodata              const    0x0003858c      0x8  zll-commissioning-common.o [42]
    .rodata              const    0x00038594     0x18  zll-commissioning-common.o [42]
    .rodata              const    0x000385ac     0x18  zll-commissioning-common.o [42]
    .rodata              const    0x000385c4     0x30  zll-commissioning-common.o [42]
    .rodata              const    0x000385f4     0x20  zll-commissioning-common.o [42]
    .rodata              const    0x00038614     0x18  zll-commissioning-common.o [42]
    .rodata              const    0x0003862c     0x10  zll-commissioning-common.o [42]
    .rodata              const    0x0003863c     0x14  zll-commissioning-client.o [41]
    .rodata              const    0x00038650      0x8  zll-commissioning-client.o [41]
    .rodata              const    0x00038658     0x1c  zll-commissioning-client.o [41]
    .rodata              const    0x00038674     0x14  zll-commissioning-client.o [41]
    .rodata              const    0x00038688     0x20  zll-commissioning-client.o [41]
    .rodata              const    0x000386a8     0x1c  zll-commissioning-client.o [41]
    .rodata              const    0x000386c4     0x20  zll-commissioning-client.o [41]
    .rodata              const    0x000386e4      0xc  zll-commissioning-client.o [41]
    .rodata              const    0x000386f0     0x18  zll-commissioning-client.o [41]
    .rodata              const    0x00038708     0x18  zll-commissioning-client.o [41]
    .rodata              const    0x00038720      0xc  zll-commissioning-client.o [41]
    .rodata              const    0x0003872c     0x1c  zll-commissioning-client.o [41]
    .rodata              const    0x00038748     0x2c  zll-commissioning-client.o [41]
    .rodata              const    0x00038774     0x2c  zll-commissioning-client.o [41]
    .rodata              const    0x000387a0     0x1c  zll-commissioning-client.o [41]
    .rodata              const    0x000387bc      0x8  zll-commissioning-client.o [41]
    .rodata              const    0x000387c4     0x18  zll-commissioning-client.o [41]
    .rodata              const    0x000387dc      0xc  zll-commissioning-client.o [41]
    .rodata              const    0x000387e8     0x24  zll-commissioning-client.o [41]
    .rodata              const    0x0003880c     0x18  zll-commissioning-client.o [41]
    .rodata              const    0x00038824     0x2c  zll-commissioning-client.o [41]
    .rodata              const    0x00038850     0x2c  zll-commissioning-client.o [41]
    .rodata              const    0x0003887c     0x24  zll-commissioning-client.o [41]
    .rodata              const    0x000388a0      0xc  zll-commissioning-client.o [41]
    .rodata              const    0x000388ac      0x8  zll-commissioning-client.o [41]
    .rodata              const    0x000388b4      0x8  zll-commissioning-client.o [41]
    .rodata              const    0x000388bc     0x14  zll-commissioning-client.o [41]
    .rodata              const    0x000388d0     0x1c  zll-commissioning-client.o [41]
    .rodata              const    0x000388ec     0x18  zll-commissioning-client.o [41]
    .rodata              const    0x00038904     0x20  af-event.o [40]
    .rodata              const    0x00038924     0x20  af-event.o [40]
    .rodata              const    0x00038944     0x20  af-event.o [40]
    .rodata              const    0x00038964     0x20  af-event.o [40]
    .rodata              const    0x00038984     0x20  af-event.o [40]
    .rodata              const    0x000389a4     0x18  af-event.o [40]
    .rodata              const    0x000389bc     0x1c  af-event.o [40]
    .rodata              const    0x000389d8     0x34  af-event.o [40]
    .rodata              const    0x00038a0c     0x28  af-event.o [40]
    .rodata              const    0x00038a34     0x24  af-event.o [40]
    .rodata              const    0x00038a58     0x2c  af-event.o [40]
    .rodata              const    0x00038a84     0x20  af-event.o [40]
    .rodata              const    0x00038aa4     0x24  af-event.o [40]
    .rodata              const    0x00038ac8     0x28  af-event.o [40]
    .rodata              const    0x00038af0     0x30  af-event.o [40]
    .rodata              const    0x00038b20     0x2c  af-event.o [40]
    .rodata              const    0x00038b4c     0x24  af-event.o [40]
    .rodata              const    0x00038b70     0x20  af-event.o [40]
    .rodata              const    0x00038b90     0x20  af-event.o [40]
    .rodata              const    0x00038bb0     0x30  af-event.o [40]
    .rodata              const    0x00038be0     0x30  af-event.o [40]
    .rodata              const    0x00038c10     0x30  af-event.o [40]
    .rodata              const    0x00038c40      0xc  af-main-common.o [40]
    .rodata              const    0x00038c4c      0x8  af-main-common.o [40]
    .rodata              const    0x00038c54      0x8  af-main-common.o [40]
    .rodata              const    0x00038c5c      0x8  af-main-common.o [40]
    .rodata              const    0x00038c64      0x8  af-main-common.o [40]
    .rodata              const    0x00038c6c      0x8  af-main-common.o [40]
    .rodata              const    0x00038c74      0x8  af-main-common.o [40]
    .rodata              const    0x00038c7c      0x4  af-main-common.o [40]
    .rodata              const    0x00038c80      0x8  af-main-common.o [40]
    .rodata              const    0x00038c88      0x8  af-main-common.o [40]
    .rodata              const    0x00038c90     0x10  af-main-common.o [40]
    .rodata              const    0x00038ca0      0x8  af-main-common.o [40]
    .rodata              const    0x00038ca8      0x4  af-main-common.o [40]
    .rodata              const    0x00038cac     0x3c  af-main-common.o [40]
    .rodata              const    0x00038ce8     0x18  af-main-common.o [40]
    .rodata              const    0x00038d00     0x28  af-main-common.o [40]
    .rodata              const    0x00038d28     0x14  af-main-common.o [40]
    .rodata              const    0x00038d3c      0x8  af-main-common.o [40]
    .rodata              const    0x00038d44      0x8  af-main-common.o [40]
    .rodata              const    0x00038d4c     0x10  af-main-common.o [40]
    .rodata              const    0x00038d5c     0x28  af-main-common.o [40]
    .rodata              const    0x00038d84     0x18  af-main-common.o [40]
    .rodata              const    0x00038d9c     0x1c  af-main-common.o [40]
    .rodata              const    0x00038db8     0x24  af-main-common.o [40]
    .rodata              const    0x00038ddc      0x8  af-main-common.o [40]
    .rodata              const    0x00038de4     0x14  af-main-common.o [40]
    .rodata              const    0x00038df8     0x30  af-main-common.o [40]
    .rodata              const    0x00038e28     0x14  af-main-common.o [40]
    .rodata              const    0x00038e3c      0x8  af-main-common.o [40]
    .rodata              const    0x00038e44      0x8  af-main-common.o [40]
    .rodata              const    0x00038e4c      0xc  af-main-common.o [40]
    .rodata              const    0x00038e58      0x8  af-main-common.o [40]
    .rodata              const    0x00038e60     0x10  af-main-common.o [40]
    .rodata              const    0x00038e70      0x8  af-main-common.o [40]
    .rodata              const    0x00038e78      0xc  af-main-common.o [40]
    .rodata              const    0x00038e84     0x20  af-main-common.o [40]
    .rodata              const    0x00038ea4      0xc  af-main-common.o [40]
    .rodata              const    0x00038eb0      0xc  af-main-common.o [40]
    .rodata              const    0x00038ebc      0x8  af-main-common.o [40]
    .rodata              const    0x00038ec4     0x20  af-main-common.o [40]
    .rodata              const    0x00038ee4     0x18  af-main-common.o [40]
    .rodata              const    0x00038efc     0x30  af-main-common.o [40]
    .rodata              const    0x00038f2c     0x20  af-main-common.o [40]
    .rodata              const    0x00038f4c      0x4  af-main-common.o [40]
    .rodata              const    0x00038f50     0x1c  af-main-common.o [40]
    .rodata              const    0x00038f6c      0x8  af-main-common.o [40]
    .rodata              const    0x00038f74     0x18  af-main-common.o [40]
    .rodata              const    0x00038f8c     0x10  af-main-common.o [40]
    .rodata              const    0x00038f9c     0x48  af-main-common.o [40]
    .rodata              const    0x00038fe4     0x18  af-main-soc.o [40]
    .rodata              const    0x00038ffc     0x20  af-main-soc.o [40]
    .rodata              const    0x0003901c     0x14  af-main-soc.o [40]
    .rodata              const    0x00039030      0x8  af-main-soc.o [40]
    .rodata              const    0x00039038     0x10  af-main-soc.o [40]
    .rodata              const    0x00039048     0x20  af-main-soc.o [40]
    .rodata              const    0x00039068      0xc  af-main-soc.o [40]
    .rodata              const    0x00039074      0xc  af-main-soc.o [40]
    .rodata              const    0x00039080     0x18  af-main-soc.o [40]
    .rodata              const    0x00039098     0x18  af-main-soc.o [40]
    .rodata              const    0x000390b0      0x4  af-trust-center.o [40]
    .rodata              const    0x000390b4     0x30  attribute-size.o [40]
    .rodata              const    0x000390e4      0x4  attribute-storage.o [40]
    .rodata              const    0x000390e8      0x8  attribute-storage.o [40]
    .rodata              const    0x000390f0      0x8  attribute-storage.o [40]
    .rodata              const    0x000390f8      0x4  attribute-storage.o [40]
    .rodata              const    0x000390fc      0x4  attribute-storage.o [40]
    .rodata              const    0x00039100     0x18  attribute-storage.o [40]
    .rodata              const    0x00039118      0x8  attribute-storage.o [40]
    .rodata              const    0x00039120     0xc8  attribute-storage.o [40]
    .rodata              const    0x000391e8      0x4  attribute-storage.o [40]
    .rodata              const    0x000391ec    0x120  attribute-storage.o [40]
    .rodata              const    0x0003930c     0xf0  attribute-storage.o [40]
    .rodata              const    0x000393fc     0x18  attribute-storage.o [40]
    .rodata              const    0x00039414      0x4  attribute-storage.o [40]
    .rodata              const    0x00039418      0x4  attribute-storage.o [40]
    .rodata              const    0x0003941c     0x10  core-cli.o [40]
    .rodata              const    0x0003942c     0x10  core-cli.o [40]
    .rodata              const    0x0003943c     0x18  core-cli.o [40]
    .rodata              const    0x00039454     0x1c  core-cli.o [40]
    .rodata              const    0x00039470      0x8  core-cli.o [40]
    .rodata              const    0x00039478     0x18  core-cli.o [40]
    .rodata              const    0x00039490     0x18  core-cli.o [40]
    .rodata              const    0x000394a8      0x8  core-cli.o [40]
    .rodata              const    0x000394b0     0x20  core-cli.o [40]
    .rodata              const    0x000394d0      0xc  core-cli.o [40]
    .rodata              const    0x000394dc      0xc  core-cli.o [40]
    .rodata              const    0x000394e8     0x20  core-cli.o [40]
    .rodata              const    0x00039508      0xc  core-cli.o [40]
    .rodata              const    0x00039514     0x24  core-cli.o [40]
    .rodata              const    0x00039538      0xc  core-cli.o [40]
    .rodata              const    0x00039544      0x8  core-cli.o [40]
    .rodata              const    0x0003954c      0x8  core-cli.o [40]
    .rodata              const    0x00039554     0x10  core-cli.o [40]
    .rodata              const    0x00039564      0xc  core-cli.o [40]
    .rodata              const    0x00039570     0x14  core-cli.o [40]
    .rodata              const    0x00039584      0xc  core-cli.o [40]
    .rodata              const    0x00039590     0x20  core-cli.o [40]
    .rodata              const    0x000395b0      0x8  core-cli.o [40]
    .rodata              const    0x000395b8      0xc  core-cli.o [40]
    .rodata              const    0x000395c4     0x34  core-cli.o [40]
    .rodata              const    0x000395f8     0x18  core-cli.o [40]
    .rodata              const    0x00039610      0xc  core-cli.o [40]
    .rodata              const    0x0003961c      0xc  core-cli.o [40]
    .rodata              const    0x00039628     0x10  core-cli.o [40]
    .rodata              const    0x00039638      0xc  core-cli.o [40]
    .rodata              const    0x00039644      0xc  core-cli.o [40]
    .rodata              const    0x00039650     0x14  core-cli.o [40]
    .rodata              const    0x00039664     0x1c  core-cli.o [40]
    .rodata              const    0x00039680      0x8  core-cli.o [40]
    .rodata              const    0x00039688      0xc  core-cli.o [40]
    .rodata              const    0x00039694      0x8  core-cli.o [40]
    .rodata              const    0x0003969c     0x20  core-cli.o [40]
    .rodata              const    0x000396bc      0x8  core-cli.o [40]
    .rodata              const    0x000396c4     0x10  core-cli.o [40]
    .rodata              const    0x000396d4     0x10  core-cli.o [40]
    .rodata              const    0x000396e4      0x8  core-cli.o [40]
    .rodata              const    0x000396ec      0xc  core-cli.o [40]
    .rodata              const    0x000396f8      0x8  core-cli.o [40]
    .rodata              const    0x00039700      0xc  core-cli.o [40]
    .rodata              const    0x0003970c     0x1c  core-cli.o [40]
    .rodata              const    0x00039728      0x4  core-cli.o [40]
    .rodata              const    0x0003972c     0x18  network-cli.o [40]
    .rodata              const    0x00039744      0x8  network-cli.o [40]
    .rodata              const    0x0003974c      0x8  network-cli.o [40]
    .rodata              const    0x00039754      0x8  network-cli.o [40]
    .rodata              const    0x0003975c     0x18  network-cli.o [40]
    .rodata              const    0x00039774     0x1c  network-cli.o [40]
    .rodata              const    0x00039790     0x10  network-cli.o [40]
    .rodata              const    0x000397a0      0x8  network-cli.o [40]
    .rodata              const    0x000397a8     0x14  network-cli.o [40]
    .rodata              const    0x000397bc      0xc  network-cli.o [40]
    .rodata              const    0x000397c8     0x14  network-cli.o [40]
    .rodata              const    0x000397dc     0x14  network-cli.o [40]
    .rodata              const    0x000397f0     0x20  network-cli.o [40]
    .rodata              const    0x00039810      0x4  network-cli.o [40]
    .rodata              const    0x00039814     0x1c  network-cli.o [40]
    .rodata              const    0x00039830     0x18  network-cli.o [40]
    .rodata              const    0x00039848     0x1c  network-cli.o [40]
    .rodata              const    0x00039864     0x10  network-cli.o [40]
    .rodata              const    0x00039874     0x1c  network-cli.o [40]
    .rodata              const    0x00039890     0x18  network-cli.o [40]
    .rodata              const    0x000398a8      0x8  network-cli.o [40]
    .rodata              const    0x000398b0     0x14  network-cli.o [40]
    .rodata              const    0x000398c4     0x14  network-cli.o [40]
    .rodata              const    0x000398d8      0x8  network-cli.o [40]
    .rodata              const    0x000398e0     0x1c  network-cli.o [40]
    .rodata              const    0x000398fc     0x20  network-cli.o [40]
    .rodata              const    0x0003991c     0x30  network-cli.o [40]
    .rodata              const    0x0003994c     0x30  network-cli.o [40]
    .rodata              const    0x0003997c     0x1c  option-cli.o [40]
    .rodata              const    0x00039998      0xc  option-cli.o [40]
    .rodata              const    0x000399a4     0x1c  option-cli.o [40]
    .rodata              const    0x000399c0     0x18  option-cli.o [40]
    .rodata              const    0x000399d8     0x14  option-cli.o [40]
    .rodata              const    0x000399ec      0xc  option-cli.o [40]
    .rodata              const    0x000399f8      0x8  option-cli.o [40]
    .rodata              const    0x00039a00      0x8  option-cli.o [40]
    .rodata              const    0x00039a08      0x8  option-cli.o [40]
    .rodata              const    0x00039a10      0x8  option-cli.o [40]
    .rodata              const    0x00039a18      0x8  option-cli.o [40]
    .rodata              const    0x00039a20      0x8  option-cli.o [40]
    .rodata              const    0x00039a28      0x8  option-cli.o [40]
    .rodata              const    0x00039a30     0x30  option-cli.o [40]
    .rodata              const    0x00039a60      0x8  option-cli.o [40]
    .rodata              const    0x00039a68     0x24  option-cli.o [40]
    .rodata              const    0x00039a8c     0x20  option-cli.o [40]
    .rodata              const    0x00039aac     0x18  option-cli.o [40]
    .rodata              const    0x00039ac4     0x10  option-cli.o [40]
    .rodata              const    0x00039ad4     0x24  option-cli.o [40]
    .rodata              const    0x00039af8     0x3c  option-cli.o [40]
    .rodata              const    0x00039b34     0x20  option-cli.o [40]
    .rodata              const    0x00039b54     0x18  option-cli.o [40]
    .rodata              const    0x00039b6c     0x14  option-cli.o [40]
    .rodata              const    0x00039b80     0x14  option-cli.o [40]
    .rodata              const    0x00039b94     0x18  print-formatter.o [40]
    .rodata              const    0x00039bac      0x8  print.o [40]
    .rodata              const    0x00039bb4      0xc  print.o [40]
    .rodata              const    0x00039bc0     0x1c  print.o [40]
    .rodata              const    0x00039bdc     0x14  print.o [40]
    .rodata              const    0x00039bf0     0x14  print.o [40]
    .rodata              const    0x00039c04     0x10  print.o [40]
    .rodata              const    0x00039c14     0x2c  process-cluster-message.o [40]
    .rodata              const    0x00039c40      0x8  process-cluster-message.o [40]
    .rodata              const    0x00039c48      0xc  process-global-message.o [40]
    .rodata              const    0x00039c54     0x18  security-cli.o [40]
    .rodata              const    0x00039c6c      0x8  security-cli.o [40]
    .rodata              const    0x00039c74     0x38  security-cli.o [40]
    .rodata              const    0x00039cac     0x10  security-cli.o [40]
    .rodata              const    0x00039cbc      0x8  security-cli.o [40]
    .rodata              const    0x00039cc4     0x14  security-cli.o [40]
    .rodata              const    0x00039cd8      0x8  security-cli.o [40]
    .rodata              const    0x00039ce0      0xc  security-cli.o [40]
    .rodata              const    0x00039cec      0x8  security-cli.o [40]
    .rodata              const    0x00039cf4      0xc  security-cli.o [40]
    .rodata              const    0x00039d00     0x14  security-cli.o [40]
    .rodata              const    0x00039d14     0x10  security-cli.o [40]
    .rodata              const    0x00039d24     0x28  security-cli.o [40]
    .rodata              const    0x00039d4c     0x38  security-cli.o [40]
    .rodata              const    0x00039d84      0x8  security-cli.o [40]
    .rodata              const    0x00039d8c      0x8  security-cli.o [40]
    .rodata              const    0x00039d94      0x8  security-cli.o [40]
    .rodata              const    0x00039d9c     0x10  security-cli.o [40]
    .rodata              const    0x00039dac     0x48  security-cli.o [40]
    .rodata              const    0x00039df4      0xc  security-cli.o [40]
    .rodata              const    0x00039e00      0x8  security-cli.o [40]
    .rodata              const    0x00039e08      0xc  security-cli.o [40]
    .rodata              const    0x00039e14     0x44  security-cli.o [40]
    .rodata              const    0x00039e58      0x8  security-cli.o [40]
    .rodata              const    0x00039e60      0xc  security-cli.o [40]
    .rodata              const    0x00039e6c     0x50  security-cli.o [40]
    .rodata              const    0x00039ebc     0x24  time-util.o [40]
    .rodata              const    0x00039ee0      0xc  time-util.o [40]
    .rodata              const    0x00039eec      0x8  util.o [40]
    .rodata              const    0x00039ef4      0xc  util.o [40]
    .rodata              const    0x00039f00      0x8  util.o [40]
    .rodata              const    0x00039f08      0x8  util.o [40]
    .rodata              const    0x00039f10     0x10  util.o [40]
    .rodata              const    0x00039f20      0xc  util.o [40]
    .rodata              const    0x00039f2c     0x14  util.o [40]
    .rodata              const    0x00039f40     0x18  util.o [40]
    .rodata              const    0x00039f58      0x8  util.o [40]
    .rodata              const    0x00039f60      0x8  util.o [40]
    .rodata              const    0x00039f68     0x20  util.o [40]
    .rodata              const    0x00039f88      0xc  util.o [40]
    .rodata              const    0x00039f94     0x20  util.o [40]
    .rodata              const    0x00039fb4     0x1c  util.o [40]
    .rodata              const    0x00039fd0      0x8  util.o [40]
    .rodata              const    0x00039fd8     0x1c  util.o [40]
    .rodata              const    0x00039ff4     0x40  util.o [40]
    .rodata              const    0x0003a034     0x20  util.o [40]
    .rodata              const    0x0003a054     0x14  util.o [40]
    .rodata              const    0x0003a068     0x24  zcl-cli.o [40]
    .rodata              const    0x0003a08c      0xc  zcl-cli.o [40]
    .rodata              const    0x0003a098     0x44  zcl-cli.o [40]
    .rodata              const    0x0003a0dc     0x28  zcl-cli.o [40]
    .rodata              const    0x0003a104     0x34  zcl-cli.o [40]
    .rodata              const    0x0003a138     0x30  zcl-cli.o [40]
    .rodata              const    0x0003a168      0x8  zcl-cli.o [40]
    .rodata              const    0x0003a170     0x28  zcl-cli.o [40]
    .rodata              const    0x0003a198     0x10  zcl-cli.o [40]
    .rodata              const    0x0003a1a8     0x14  zcl-cli.o [40]
    .rodata              const    0x0003a1bc     0x1c  zcl-cli.o [40]
    .rodata              const    0x0003a1d8     0x14  zcl-cli.o [40]
    .rodata              const    0x0003a1ec     0x24  zcl-cli.o [40]
    .rodata              const    0x0003a210      0x8  zcl-cli.o [40]
    .rodata              const    0x0003a218      0xc  zcl-cli.o [40]
    .rodata              const    0x0003a224     0x10  zcl-cli.o [40]
    .rodata              const    0x0003a234      0x8  zcl-cli.o [40]
    .rodata              const    0x0003a23c      0x8  zcl-cli.o [40]
    .rodata              const    0x0003a244     0x18  zcl-cli.o [40]
    .rodata              const    0x0003a25c     0x18  zcl-cli.o [40]
    .rodata              const    0x0003a274      0x8  zcl-cli.o [40]
    .rodata              const    0x0003a27c     0x18  zcl-cli.o [40]
    .rodata              const    0x0003a294      0x8  zcl-cli.o [40]
    .rodata              const    0x0003a29c     0x18  zdo-cli.o [40]
    .rodata              const    0x0003a2b4     0x18  zdo-cli.o [40]
    .rodata              const    0x0003a2cc     0x18  zdo-cli.o [40]
    .rodata              const    0x0003a2e4     0x40  zdo-cli.o [40]
    .rodata              const    0x0003a324     0x30  zdo-cli.o [40]
    .rodata              const    0x0003a354     0x10  zdo-cli.o [40]
    .rodata              const    0x0003a364     0x18  zdo-cli.o [40]
    .rodata              const    0x0003a37c     0x20  zdo-cli.o [40]
    .rodata              const    0x0003a39c     0x1c  zdo-cli.o [40]
    .rodata              const    0x0003a3b8     0x20  zdo-cli.o [40]
    .rodata              const    0x0003a3d8     0x20  zdo-cli.o [40]
    .rodata              const    0x0003a3f8     0x14  zdo-cli.o [40]
    .rodata              const    0x0003a40c     0x20  zdo-cli.o [40]
    .rodata              const    0x0003a42c     0x20  zdo-cli.o [40]
    .rodata              const    0x0003a44c     0x18  zdo-cli.o [40]
    .rodata              const    0x0003a464     0x1c  zdo-cli.o [40]
    .rodata              const    0x0003a480     0x10  zdo-cli.o [40]
    .rodata              const    0x0003a490      0xc  zdo-cli.o [40]
    .rodata              const    0x0003a49c     0x18  zdo-cli.o [40]
    .rodata              const    0x0003a4b4     0x14  zdo-cli.o [40]
    .rodata              const    0x0003a4c8      0x8  zdo-cli.o [40]
    .rodata              const    0x0003a4d0      0x8  zdo-cli.o [40]
    .rodata              const    0x0003a4d8     0x34  zdo-cli.o [40]
    .rodata              const    0x0003a50c     0x14  zdo-cli.o [40]
    .rodata              const    0x0003a520     0x14  update-tc-link-key.o [39]
    .rodata              const    0x0003a534     0x18  update-tc-link-key.o [39]
    .rodata              const    0x0003a54c      0x8  update-tc-link-key.o [39]
    .rodata              const    0x0003a554      0x8  update-tc-link-key.o [39]
    .rodata              const    0x0003a55c      0xc  update-tc-link-key.o [39]
    .rodata              const    0x0003a568     0x10  update-tc-link-key.o [39]
    .rodata              const    0x0003a578     0x30  update-tc-link-key.o [39]
    .rodata              const    0x0003a5a8     0x18  displayls013b7dh03.o [37]
    .rodata              const    0x0003a5c0     0x18  displaypalemlib.o [37]
    .rodata              const    0x0003a5d8     0x28  serial.o [35]
    .rodata              const    0x0003a600      0x8  com.o [34]
    .rodata              const    0x0003a608     0x1c  nvm3_hal_flash.o [32]
    .rodata              const    0x0003a624      0x4  nvm3_lock.o [31]
    .rodata              const    0x0003a628     0x18  network-steering-cli.o [30]
    .rodata              const    0x0003a640     0x14  network-steering-cli.o [30]
    .rodata              const    0x0003a654      0x8  network-steering-cli.o [30]
    .rodata              const    0x0003a65c      0xc  network-steering-cli.o [30]
    .rodata              const    0x0003a668     0x14  network-steering-cli.o [30]
    .rodata              const    0x0003a67c     0x1c  network-steering-cli.o [30]
    .rodata              const    0x0003a698      0x8  network-steering-cli.o [30]
    .rodata              const    0x0003a6a0      0xc  network-steering-cli.o [30]
    .rodata              const    0x0003a6ac      0x8  network-steering-cli.o [30]
    .rodata              const    0x0003a6b4      0x8  network-steering-cli.o [30]
    .rodata              const    0x0003a6bc     0x10  network-steering-cli.o [30]
    .rodata              const    0x0003a6cc     0x10  network-steering-cli.o [30]
    .rodata              const    0x0003a6dc     0x10  network-steering-cli.o [30]
    .rodata              const    0x0003a6ec     0x14  network-steering-cli.o [30]
    .rodata              const    0x0003a700     0x14  network-steering-cli.o [30]
    .rodata              const    0x0003a714     0x14  network-steering-cli.o [30]
    .rodata              const    0x0003a728     0x14  network-steering-cli.o [30]
    .rodata              const    0x0003a73c     0x14  network-steering-cli.o [30]
    .rodata              const    0x0003a750     0x10  network-steering-cli.o [30]
    .rodata              const    0x0003a760      0x8  network-steering-cli.o [30]
    .rodata              const    0x0003a768     0xa0  network-steering-cli.o [30]
    .rodata              const    0x0003a808      0x8  network-steering-v2.o [30]
    .rodata              const    0x0003a810     0x2c  network-steering-v2.o [30]
    .rodata              const    0x0003a83c     0x30  network-steering-v2.o [30]
    .rodata              const    0x0003a86c     0x30  network-steering-v2.o [30]
    .rodata              const    0x0003a89c     0x30  network-steering-v2.o [30]
    .rodata              const    0x0003a8cc     0x30  network-steering-v2.o [30]
    .rodata              const    0x0003a8fc     0x30  network-steering-v2.o [30]
    .rodata              const    0x0003a92c     0x50  network-steering-v2.o [30]
    .rodata              const    0x0003a97c     0x54  network-steering-v2.o [30]
    .rodata              const    0x0003a9d0     0x30  network-steering-v2.o [30]
    .rodata              const    0x0003aa00     0x70  network-steering-v2.o [30]
    .rodata              const    0x0003aa70     0x38  network-steering-v2.o [30]
    .rodata              const    0x0003aaa8     0x20  network-steering-v2.o [30]
    .rodata              const    0x0003aac8     0x28  network-steering-v2.o [30]
    .rodata              const    0x0003aaf0     0x18  network-steering-v2.o [30]
    .rodata              const    0x0003ab08     0x14  network-steering-v2.o [30]
    .rodata              const    0x0003ab1c     0x18  network-steering-v2.o [30]
    .rodata              const    0x0003ab34     0x30  network-steering-v2.o [30]
    .rodata              const    0x0003ab64      0x8  network-steering-v2.o [30]
    .rodata              const    0x0003ab6c      0xc  network-steering-v2.o [30]
    .rodata              const    0x0003ab78     0x2c  network-steering-v2.o [30]
    .rodata              const    0x0003aba4     0x24  network-steering-v2.o [30]
    .rodata              const    0x0003abc8     0x18  network-steering-v2.o [30]
    .rodata              const    0x0003abe0     0x10  network-steering-v2.o [30]
    .rodata              const    0x0003abf0     0x2c  network-steering-v2.o [30]
    .rodata              const    0x0003ac1c     0x54  network-steering-v2.o [30]
    .rodata              const    0x0003ac70     0x50  network-steering-v2.o [30]
    .rodata              const    0x0003acc0      0x8  network-steering-v2.o [30]
    .rodata              const    0x0003acc8     0x10  network-steering-v2.o [30]
    .rodata              const    0x0003acd8      0x8  network-steering-v2.o [30]
    .rodata              const    0x0003ace0      0x8  network-steering-v2.o [30]
    .rodata              const    0x0003ace8     0x2c  network-steering-v2.o [30]
    .rodata              const    0x0003ad14     0x1c  network-steering-v2.o [30]
    .rodata              const    0x0003ad30     0x24  network-steering-v2.o [30]
    .rodata              const    0x0003ad54     0x10  network-steering-v2.o [30]
    .rodata              const    0x0003ad64     0x10  network-steering-v2.o [30]
    .rodata              const    0x0003ad74     0x10  network-steering-v2.o [30]
    .rodata              const    0x0003ad84     0x10  crypto_management.o [29]
    .rodata              const    0x0003ad94      0xc  udelay.o [28]
    .rodata              const    0x0003ada0     0x28  interpan-cli.o [27]
    .rodata              const    0x0003adc8     0x18  interpan-cli.o [27]
    .rodata              const    0x0003ade0      0xc  interpan-cli.o [27]
[...]
tempdrvLowCallbacks     0x2003f364    0x28  Data  Lc  tempdrv.o [14]
terminateScanRequest    0x0002fa3b    0x18  Code  Lc  zdo-channel.o [70]
testMessage             0x2003e9cc   0x5dc  Data  Gb  interpan-cli.o [27]
theirLastTransactionId  0x2003fb60     0x4  Data  Lc  zll-interpan.o [72]
thrHard                 0x000273fb    0x20  Code  Lc  nvm3.o [60]
thrSize                 0x00027449     0xa  Code  Lc  nvm3.o [60]
thrSoftMinimum          0x0002741b    0x20  Code  Lc  nvm3.o [60]
thrSoftUser             0x0002743b     0xe  Code  Lc  nvm3.o [60]
timeElapsed             0x2003ffa1     0x1  Data  Lc  ustimer.o [14]
timeoutPools            0x00015a8f   0x10c  Code  Lc  indirect-queue.o [70]
timerId                 0x2003f09c    0x18  Data  Lc  graphics.o [20]
timer_frequency         0x2003f32c     0x4  Data  Lc  sl_sleeptimer.o [14]
timer_head              0x2003f330     0x4  Data  Lc  sl_sleeptimer.o [14]
titleStrings            0x2003cea0    0xa8  Data  Gb  counters-cli.o [7]
tokenArraySize          0x0003d9e8    0x24  Data  Gb  token-def.o [1]
tokenDefaults           0x0003dc5c    0x90  Data  Gb  token-def.o [1]
tokenFlagsToSizeArray   0x00026784     0x4  Data  Lc  install-code-tokens.o [59]
tokenIsCnt              0x0003d97c    0x24  Data  Gb  token-def.o [1]
tokenIsIdx              0x0003d9a0    0x24  Data  Gb  token-def.o [1]
tokenLength             0x0001c0cd     0xe  Code  Lc  command-interpreter2.o [1]
tokenNvm3Keys           0x0003d8ec    0x90  Data  Gb  token-def.o [1]
tokenPointer            0x0001c0db    0x10  Code  Lc  command-interpreter2.o [1]
tokenSize               0x0003d9c4    0x24  Data  Gb  token-def.o [1]
tokensActive            0x2003ffa3     0x1  Data  Lc  token.o [12]
tracePhase              0x2003f848     0x1  Data  Lc  buffer-management.o [70]
transactionExpirationTimeMS
                        0x2003fb68     0x4  Data  Lc  zll-interpan.o [72]
transientKeyFinish      0x0001fc55    0x38  Code  Lc  aps-keys-transient.o [70]
transportKeyFrameSizes  0x00024cc0     0x8  Data  Lc  packet-validate.o [65]
tryToJoinNetwork        0x0001a235    0xbe  Code  Lc  network-steering-v2.o [30]
tryTxCurrentPacket      0x000182ff    0x5c  Code  Lc  lower-mac-rail-802.15.4.o [70]
txBuffer                0x00025415    0x3e  Code  Lc  com.o [34]
txCallback              0x000255e9    0x3c  Code  Lc  com.o [34]
txCatchUp               0x00025581    0x66  Code  Lc  com.o [34]
txCompleteStatusPending
                        0x2003d116     0x1  Data  Lc  lower-mac-rail-802.15.4.o [70]
txCompleted             0x000180d7    0x1a  Code  Lc  lower-mac-rail-802.15.4.o [70]
txCurrentPacket         0x00018039    0x98  Code  Lc  lower-mac-rail-802.15.4.o [70]
txFailedCallback        0x000177bd    0x78  Code  Lc  lower-mac-rail-802.15.4.o [70]
txSchedulerInfo         0x2003d118     0xc  Data  Lc  lower-mac-rail-802.15.4.o [70]
tx_complete_callback    0x0001218d    0x42  Code  Lc  scan.o [70]
typeSensitiveMemCopy    0x0000105b    0x76  Code  Lc  attribute-storage.o [40]
uartdrvHandle           0x2003f3bc    0x10  Data  Lc  uartdrv.o [14]
uartdrvHandleIsInitialized
                        0x2003ffa0     0x1  Data  Lc  uartdrv.o [14]
uarthandledata          0x2003e1bc    0x3c  Data  Lc  com.o [34]
unbindRequest           0x00036e37    0x7e  Code  Lc  zdo-cli.o [40]
unicastHead             0x2003ffe7     0x1  Data  Lc  unicast-table.o [70]
uninitializedIsr        0x00037ab5          Code  Gb  faults-v7m.o [12]
unknownCounter          0x2003cf48     0x4  Data  Gb  counters-cli.o [7]
unsolicitedChannelReport
                        0x2003fc32     0x1  Data  Lc  zdo-channel.o [70]
unused                  0x0003555d     0x2  Code  Gb  zll-commissioning-cli.o [42]
unusedOriginalChannelMaskCache
                        0x2003f83c     0x4  Data  Lc  zigbee-scan.o [70]
unusedPanIdCache        0x2003f82c     0x2  Data  Lc  zigbee-scan.o [70]
updateBuffer            0x000253e1    0x2c  Code  Lc  com.o [34]
updateEvents            0x00017103    0x4e  Code  Lc  lower-mac-rail-802.15.4.o [70]
updateInterrupts        0x00029241    0x9c  Code  Lc  tempdrv.o [14]
updateTcLinkKeyState    0x2003ffdd     0x1  Data  Lc  aps-keys.o [70]
update_em1_requirement  0x00030bf1    0x12  Code  Lc  sl_power_manager.o [24]
update_first_timer_delta
                        0x0002ad89    0x24  Code  Lc  sl_sleeptimer.o [14]
useLegacyTimeoutMethod  0x2003ffda     0x1  Data  Gb  child-handling.o [70]
useMulticastBinding     0x2003ff75     0x1  Data  Lc  zcl-cli.o [40]
useNextSequence         0x2003ff73     0x1  Data  Lc  zcl-cli.o [40]
userData                0x2003f860     0x4  Data  Lc  buffer-management.o [70]
userDataCount           0x2003f84e     0x2  Data  Lc  buffer-management.o [70]
vFillBuffer             0x0000191d   0x13a  Code  Lc  client-api.o [40]
vScaleAfterWakeup       0x0002950d    0x24  Code  Lc  em_emu.o [15]
vScaleDownEM23Setup     0x000294df    0x2e  Code  Lc  em_emu.o [15]
vScaleEM01Config        0x2003f160     0x4  Data  Lc  em_emu.o [15]
validateObj             0x00027dff    0x26  Code  Lc  nvm3.o [60]
validateObjFragments    0x00027bd7   0x228  Code  Lc  nvm3.o [60]
wakeInfo                0x2003f3e4     0x4  Data  Lc  sleep-efm32.o [12]
wakeup_time_config_overhead_tick
                        0x2003efe0     0x4  Data  Gb  sl_power_manager.o [24]
walkDelayQueue          0x00015be1    0xd2  Code  Lc  retry.o [70]
walkStoreAndForwardQueue
                        0x0002316d   0x112  Code  Lc  store-forward.o [70]
watchdogDisableInSleep  0x2003ffa2     0x1  Data  Lc  sleep-efm32.o [12]
wordSize                0x2003ffa5     0x1  Data  Lc  eeprom.o [11]
workBegin               0x00028af1    0x16  Code  Lc  nvm3.o [60]
workEnd                 0x00028b07    0x14  Code  Lc  nvm3.o [60]
writeFullAllowed        0x00027453    0x18  Code  Lc  nvm3.o [60]
writeIdentifyTime       0x00027135    0x18  Code  Lc  identify.o [25]
writeMessage            0x0001d6d9    0xaa  Code  Lc  legacy-packet-buffer.o [70]
writeObj                0x000275f1   0x2da  Code  Lc  nvm3.o [60]
writeSimpleDescriptorResponse
                        0x0001f8c1    0xd8  Code  Lc  find-and-bind-initiator.o [17]
writeZllTokens          0x0000a1e5     0xc  Code  Lc  zll-tokens.o [72]
xferCfg                 0x0003b8f8    0x10  Data  Gb  dmadrv.o [14]
zclBasicGlsrCommand     0x0003802b     0xa  Code  Lc  znet-cli.o [1]
zclBufferAddByte        0x00036169    0x12  Code  Gb  zcl-cli.o [40]
zclBufferAddByteFromArgument
                        0x000361a1     0x8  Code  Gb  zcl-cli.o [40]
zclBufferAddInt16sFromArgument
                        0x000361b7     0x8  Code  Gb  zcl-cli.o [40]
zclBufferAddInt32       0x0003618d    0x14  Code  Gb  zcl-cli.o [40]
zclBufferAddInt32FromArgument
                        0x000361d5     0x6  Code  Gb  zcl-cli.o [40]
zclBufferAddInt32sFromArgument
                        0x000361bf     0x8  Code  Gb  zcl-cli.o [40]
zclBufferAddInt8sFromArgument
                        0x000361a9     0x6  Code  Gb  zcl-cli.o [40]
zclBufferAddLengthAndStringFromArgument
                        0x00036227     0x4  Code  Gb  zcl-cli.o [40]
zclBufferAddWord        0x0003617b    0x12  Code  Gb  zcl-cli.o [40]
zclBufferAddWordFromArgument
                        0x000361c7     0x6  Code  Gb  zcl-cli.o [40]
zclBufferSetup          0x00036115    0x54  Code  Gb  zcl-cli.o [40]
zclClusterNames         0x00039ff4    0x40  Data  Gb  util.o [40]
zclCmdIsBuilt           0x2003ff71     0x1  Data  Gb  zcl-cli.o [40]
zclGlobalCommandDiscoveryCommand
                        0x000364b9    0x2e  Code  Gb  zcl-cli.o [40]
zclGlobalDirection      0x2003ff74     0x1  Data  Lc  zcl-cli.o [40]
zclGlobalDirectionCommand
                        0x000362f7    0x14  Code  Gb  zcl-cli.o [40]
zclGlobalDiscoverCommand
                        0x0003636f     0x4  Code  Gb  zcl-cli.o [40]
zclGlobalExpectReportFromMeCommand
                        0x00036491    0x1c  Code  Gb  zcl-cli.o [40]
zclGlobalReadCommand    0x00036311     0x6  Code  Gb  zcl-cli.o [40]
zclGlobalReportCommand  0x0003637d    0x8e  Code  Gb  zcl-cli.o [40]
zclGlobalReportReadCommand
                        0x0003640b    0x20  Code  Gb  zcl-cli.o [40]
zclGlobalSendMeAReportCommand
                        0x0003642b    0x50  Code  Gb  zcl-cli.o [40]
zclGlobalSetup          0x000362dd    0x1a  Code  Gb  zcl-cli.o [40]
zclGlobalWriteCommand   0x00036317    0x58  Code  Gb  zcl-cli.o [40]
zclGroupsAddCommand     0x00038035     0x4  Code  Lc  znet-cli.o [1]
zclGroupsAddIfIdCommand
                        0x00038039     0x2  Code  Lc  znet-cli.o [1]
zclGroupsGetCommand     0x000365bb    0x2c  Code  Gb  zcl-cli.o [40]
zclGroupsRemoveCommand  0x00038043     0x4  Code  Lc  znet-cli.o [1]
zclGroupsRmallCommand   0x00038047     0x4  Code  Lc  znet-cli.o [1]
zclGroupsViewCommand    0x0003804b     0x4  Code  Lc  znet-cli.o [1]
zclIdentifyEzModeCommand
                        0x0003804f     0x6  Code  Lc  znet-cli.o [1]
zclIdentifyIdCommand    0x00038055     0x6  Code  Lc  znet-cli.o [1]
zclIdentifyOnOffCommand
                        0x00036579    0x42  Code  Gb  zcl-cli.o [40]
zclIdentifyQueryCommand
                        0x0003805b     0x6  Code  Lc  znet-cli.o [1]
zclIdentifyTriggerCommand
                        0x00038061     0x6  Code  Lc  znet-cli.o [1]
zclLevelControlMoveCommand
                        0x00038067     0x6  Code  Lc  znet-cli.o [1]
zclLevelControlMvToClosestFreqCommand
                        0x0003806d     0x6  Code  Lc  znet-cli.o [1]
zclLevelControlMvToLevelCommand
                        0x00038073     0x6  Code  Lc  znet-cli.o [1]
zclLevelControlOMoveCommand
                        0x00038079     0x6  Code  Lc  znet-cli.o [1]
zclLevelControlOMvToLevelCommand
                        0x0003807f     0x6  Code  Lc  znet-cli.o [1]
zclLevelControlOStepCommand
                        0x00038085     0x6  Code  Lc  znet-cli.o [1]
zclLevelControlOStopCommand
                        0x0003808b     0x6  Code  Lc  znet-cli.o [1]
zclLevelControlStepCommand
                        0x00038091     0x6  Code  Lc  znet-cli.o [1]
zclLevelControlStopCommand
                        0x00038097     0x6  Code  Lc  znet-cli.o [1]
zclMfgCodeCommand       0x000364ff    0x2c  Code  Gb  zcl-cli.o [40]
zclOnOffOffCommand      0x0003809d     0x6  Code  Lc  znet-cli.o [1]
zclOnOffOffeffectCommand
                        0x000380a3     0x6  Code  Lc  znet-cli.o [1]
zclOnOffOnCommand       0x000380a9     0x6  Code  Lc  znet-cli.o [1]
zclOnOffOnrecallCommand
                        0x000380af     0x6  Code  Lc  znet-cli.o [1]
zclOnOffOntimedoffCommand
                        0x000380b5     0x6  Code  Lc  znet-cli.o [1]
zclOnOffToggleCommand   0x000380bb     0x6  Code  Lc  znet-cli.o [1]
zclSimpleCommand        0x0003622b    0xb2  Code  Gb  zcl-cli.o [40]
zclTestResponseOffCommand
                        0x000364f9     0x6  Code  Gb  zcl-cli.o [40]
zclTestResponseOnCommand
                        0x000364f3     0x6  Code  Gb  zcl-cli.o [40]
zclTimeCommand          0x0003656b     0xe  Code  Gb  zcl-cli.o [40]
zclUseNextSequenceCommand
                        0x00036549    0x22  Code  Gb  zcl-cli.o [40]
zclXDefaultRespCommand  0x0003652b    0x16  Code  Gb  zcl-cli.o [40]
zdoActiveEpCommand      0x00036d8b    0x1a  Code  Gb  zdo-cli.o [40]
zdoAddClusterCommand    0x00036c31    0x32  Code  Gb  zdo-cli.o [40]
zdoBindCommand          0x00036bbf    0x72  Code  Gb  zdo-cli.o [40]
zdoClearClusterCommand  0x00036c69    0x18  Code  Gb  zdo-cli.o [40]
zdoConfigurationModeEnabled
                        0x2003d3c3     0x1  Data  Gb  zigbee-device-util.o [70]
zdoIeeeAddressRequestCommand
                        0x00036afd    0x14  Code  Gb  zdo-cli.o [40]
zdoLeaveRequestCommand  0x00036de5    0x32  Code  Gb  zdo-cli.o [40]
zdoMatchCommand         0x00036b55    0x40  Code  Gb  zdo-cli.o [40]
zdoMgmtBindCommand      0x00036dc5    0x20  Code  Gb  zdo-cli.o [40]
zdoMgmtLqiCommand       0x00036da5    0x20  Code  Gb  zdo-cli.o [40]
zdoNetworkUpdateChannelCommand
                        0x00036c8b    0x68  Code  Gb  zdo-cli.o [40]
zdoNetworkUpdateScanCommand
                        0x00036cf3    0x56  Code  Gb  zdo-cli.o [40]
zdoNetworkUpdateSetCommand
                        0x00036d57    0x20  Code  Gb  zdo-cli.o [40]
zdoNodeCommand          0x00036b33    0x1c  Code  Gb  zdo-cli.o [40]
zdoNwkAddressRequestCommand
                        0x00036ae5    0x18  Code  Gb  zdo-cli.o [40]
zdoPowerDescriptorRequestCommand
                        0x00036e17    0x1a  Code  Gb  zdo-cli.o [40]
zdoRouteRequestCommand  0x00036ef9    0x22  Code  Gb  zdo-cli.o [40]
zdoSimpleCommand        0x00036b11    0x22  Code  Gb  zdo-cli.o [40]
zdoUnbindGroupCommand   0x00036eb5    0x18  Code  Gb  zdo-cli.o [40]
zdoUnbindUnicastCommand
                        0x00036ecd    0x2c  Code  Gb  zdo-cli.o [40]
zeroLenByte             0x2003ff0c     0x2  Data  Lc  message.o [40]
zigDevApsStruct         0x2003f920     0x4  Data  Lc  zigbee-device-util.o [70]
zigDevRequestRadius     0x2003d3b7     0x1  Data  Gb  zigbee-device-common.o [1]
zigDevRequestSequence   0x2003ffd0     0x1  Data  Lc  zigbee-device-common.o [1]
zigDevRequestSequence   0x2003f91c     0x1  Data  Lc  zigbee-device-util.o [70]
zigbeeBitmap            0x2003ce38    0x20  Data  Lc  dmp-ui.o [10]
zigbeeMacFilterList     0x0003d744    0x10  Data  Gb  ember-configuration.o [1]
zllActiveScanCompleteHandler
                        0x0000ba01    0x16  Code  Lc  zigbee-scan.o [70]
zllNodeType             0x2003f755     0x1  Data  Lc  zll-api.o [72]
zllPrimaryChannelMask   0x2003f768     0x4  Data  Lc  zll-api.o [72]
zllSecondaryChannelMask
                        0x2003f790     0x4  Data  Lc  zll-api.o [72]
zllSequenceNum          0x2003ffe0     0x1  Data  Lc  zll-interpan.o [72]
zll_channel_stay        0x0000b875    0x2e  Code  Gb  zigbee-scan.o [70]
zll_scan_request_callback
                        0x0000b8a3    0xa8  Code  Lc  zigbee-scan.o [70]


[1] = C:\Users\DELL\SimplicityStudio\v5_workspace\DynamicMultiprotocolSwitchSoc\IAR ARM - Default
[2] = C:\Users\DELL\SimplicityStudio\v5_workspace\DynamicMultiprotocolSwitchSoc\IAR ARM - Default\adc\EFR32
[3] = C:\Users\DELL\SimplicityStudio\v5_workspace\DynamicMultiprotocolSwitchSoc\IAR ARM - Default\antenna-stub
[4] = C:\Users\DELL\SimplicityStudio\v5_workspace\DynamicMultiprotocolSwitchSoc\IAR ARM - Default\basic
[5] = C:\Users\DELL\SimplicityStudio\v5_workspace\DynamicMultiprotocolSwitchSoc\IAR ARM - Default\ccm-encryption
[6] = C:\Users\DELL\SimplicityStudio\v5_workspace\DynamicMultiprotocolSwitchSoc\IAR ARM - Default\coexistence-stub\EFR32
[7] = C:\Users\DELL\SimplicityStudio\v5_workspace\DynamicMultiprotocolSwitchSoc\IAR ARM - Default\counters
[8] = C:\Users\DELL\SimplicityStudio\v5_workspace\DynamicMultiprotocolSwitchSoc\IAR ARM - Default\debug-basic-library\EFR32
[9] = C:\Users\DELL\SimplicityStudio\v5_workspace\DynamicMultiprotocolSwitchSoc\IAR ARM - Default\debug-jtag-stub\EFR32
[10] = C:\Users\DELL\SimplicityStudio\v5_workspace\DynamicMultiprotocolSwitchSoc\IAR ARM - Default\dmp-ui-demo
[11] = C:\Users\DELL\SimplicityStudio\v5_workspace\DynamicMultiprotocolSwitchSoc\IAR ARM - Default\eeprom
[12] = C:\Users\DELL\SimplicityStudio\v5_workspace\DynamicMultiprotocolSwitchSoc\IAR ARM - Default\efr32
[13] = C:\Users\DELL\SimplicityStudio\v5_workspace\DynamicMultiprotocolSwitchSoc\IAR ARM - Default\ember-minimal-printf
[14] = C:\Users\DELL\SimplicityStudio\v5_workspace\DynamicMultiprotocolSwitchSoc\IAR ARM - Default\emdrv
[15] = C:\Users\DELL\SimplicityStudio\v5_workspace\DynamicMultiprotocolSwitchSoc\IAR ARM - Default\emlib
[16] = C:\Users\DELL\SimplicityStudio\v5_workspace\DynamicMultiprotocolSwitchSoc\IAR ARM - Default\external-generated-files
[17] = C:\Users\DELL\SimplicityStudio\v5_workspace\DynamicMultiprotocolSwitchSoc\IAR ARM - Default\find-and-bind-initiator
[18] = C:\Users\DELL\SimplicityStudio\v5_workspace\DynamicMultiprotocolSwitchSoc\IAR ARM - Default\form-and-join
[19] = C:\Users\DELL\SimplicityStudio\v5_workspace\DynamicMultiprotocolSwitchSoc\IAR ARM - Default\glib
[20] = C:\Users\DELL\SimplicityStudio\v5_workspace\DynamicMultiprotocolSwitchSoc\IAR ARM - Default\glib\EFR32
[21] = C:\Users\DELL\SimplicityStudio\v5_workspace\DynamicMultiprotocolSwitchSoc\IAR ARM - Default\green-power-client
[22] = C:\Users\DELL\SimplicityStudio\v5_workspace\DynamicMultiprotocolSwitchSoc\IAR ARM - Default\green-power-common
[23] = C:\Users\DELL\SimplicityStudio\v5_workspace\DynamicMultiprotocolSwitchSoc\IAR ARM - Default\groups-client
[24] = C:\Users\DELL\SimplicityStudio\v5_workspace\DynamicMultiprotocolSwitchSoc\IAR ARM - Default\hal-library\EFR32
[25] = C:\Users\DELL\SimplicityStudio\v5_workspace\DynamicMultiprotocolSwitchSoc\IAR ARM - Default\identify
[26] = C:\Users\DELL\SimplicityStudio\v5_workspace\DynamicMultiprotocolSwitchSoc\IAR ARM - Default\idle-sleep
[27] = C:\Users\DELL\SimplicityStudio\v5_workspace\DynamicMultiprotocolSwitchSoc\IAR ARM - Default\interpan
[28] = C:\Users\DELL\SimplicityStudio\v5_workspace\DynamicMultiprotocolSwitchSoc\IAR ARM - Default\kit-drivers
[29] = C:\Users\DELL\SimplicityStudio\v5_workspace\DynamicMultiprotocolSwitchSoc\IAR ARM - Default\mbedtls\EFR32
[30] = C:\Users\DELL\SimplicityStudio\v5_workspace\DynamicMultiprotocolSwitchSoc\IAR ARM - Default\network-steering
[31] = C:\Users\DELL\SimplicityStudio\v5_workspace\DynamicMultiprotocolSwitchSoc\IAR ARM - Default\nvm3
[32] = C:\Users\DELL\SimplicityStudio\v5_workspace\DynamicMultiprotocolSwitchSoc\IAR ARM - Default\nvm3\EFR32
[33] = C:\Users\DELL\SimplicityStudio\v5_workspace\DynamicMultiprotocolSwitchSoc\IAR ARM - Default\scan-dispatch
[34] = C:\Users\DELL\SimplicityStudio\v5_workspace\DynamicMultiprotocolSwitchSoc\IAR ARM - Default\serial
[35] = C:\Users\DELL\SimplicityStudio\v5_workspace\DynamicMultiprotocolSwitchSoc\IAR ARM - Default\serial\EFR32
[36] = C:\Users\DELL\SimplicityStudio\v5_workspace\DynamicMultiprotocolSwitchSoc\IAR ARM - Default\simple-main
[37] = C:\Users\DELL\SimplicityStudio\v5_workspace\DynamicMultiprotocolSwitchSoc\IAR ARM - Default\spidisplay
[38] = C:\Users\DELL\SimplicityStudio\v5_workspace\DynamicMultiprotocolSwitchSoc\IAR ARM - Default\strong-random
[39] = C:\Users\DELL\SimplicityStudio\v5_workspace\DynamicMultiprotocolSwitchSoc\IAR ARM - Default\update-tc-link-key
[40] = C:\Users\DELL\SimplicityStudio\v5_workspace\DynamicMultiprotocolSwitchSoc\IAR ARM - Default\zcl-framework-core
[41] = C:\Users\DELL\SimplicityStudio\v5_workspace\DynamicMultiprotocolSwitchSoc\IAR ARM - Default\zll-commissioning-client
[42] = C:\Users\DELL\SimplicityStudio\v5_workspace\DynamicMultiprotocolSwitchSoc\IAR ARM - Default\zll-commissioning-common
[43] = C:\Users\DELL\SimplicityStudio\v5_workspace\DynamicMultiprotocolSwitchSoc\IAR ARM - Default\zll-identify-server
[44] = C:\Users\DELL\SimplicityStudio\v5_workspace\DynamicMultiprotocolSwitchSoc\IAR ARM - Default\zll-utility-client
[45] = command line
[46] = binding-table-library.a
[47] = cbke-163k1-stub-library.a
[48] = cbke-283k1-stub-library.a
[49] = cbke-library-dsa-sign-stub.a
[50] = cbke-library-dsa-verify-283k1-stub.a
[51] = cbke-library-dsa-verify-stub.a
[52] = cbke-stub-library.a
[53] = debug-basic-library.a
[54] = debug-extended-stub-library.a
[55] = dl7M_tln.a
[56] = end-device-bind-stub-library.a
[57] = gp-library.a
[58] = hal-library.a
[59] = install-code-library.a
[60] = libnvm3_CM4_iar.a
[61] = librail_efr32xg12_iar_release.a
[62] = m7M_tls.a
[63] = multi-network-stub-library.a
[64] = multi-pan-stub-library.a
[65] = packet-validate-library.a
[66] = rt7M_tl.a
[67] = security-library-link-keys-stub.a
[68] = sim-eeprom2-to-nvm3-upgrade-stub-library.a
[69] = source-route-library.a
[70] = zigbee-pro-stack.a
[71] = zigbee-r22-support-stub-library.a
[72] = zll-library.a

  228 974 bytes of readonly  code memory
       20 bytes of readwrite code memory
   38 504 bytes of readonly  data memory
   58 063 bytes of readwrite data memory

Errors: none
Warnings: 1
